Archive member included to satisfy reference by file (symbol)

D:\share\test\CH573EVT\EVT\EXAM\SRC\StdPeriphDriver\libISP573.a(ISP573.o)
                              ./StdPeriphDriver/CH57x_adc.o (FLASH_EEPROM_CMD)
g:/mounriver/mounriver_studio/toolchain/risc-v embedded gcc/bin/../lib/gcc/riscv-none-embed/8.2.0/rv32imac/ilp32\libgcc.a(muldf3.o)
                              ./StdPeriphDriver/CH57x_clk.o (__muldf3)
g:/mounriver/mounriver_studio/toolchain/risc-v embedded gcc/bin/../lib/gcc/riscv-none-embed/8.2.0/rv32imac/ilp32\libgcc.a(floatsidf.o)
                              ./StdPeriphDriver/CH57x_clk.o (__floatsidf)
g:/mounriver/mounriver_studio/toolchain/risc-v embedded gcc/bin/../lib/gcc/riscv-none-embed/8.2.0/rv32imac/ilp32\libgcc.a(mulsf3.o)
                              ./StdPeriphDriver/CH57x_clk.o (__mulsf3)
g:/mounriver/mounriver_studio/toolchain/risc-v embedded gcc/bin/../lib/gcc/riscv-none-embed/8.2.0/rv32imac/ilp32\libgcc.a(fixsfsi.o)
                              ./StdPeriphDriver/CH57x_clk.o (__fixsfsi)
g:/mounriver/mounriver_studio/toolchain/risc-v embedded gcc/bin/../lib/gcc/riscv-none-embed/8.2.0/rv32imac/ilp32\libgcc.a(floatsisf.o)
                              ./StdPeriphDriver/CH57x_clk.o (__floatsisf)
g:/mounriver/mounriver_studio/toolchain/risc-v embedded gcc/bin/../lib/gcc/riscv-none-embed/8.2.0/rv32imac/ilp32\libgcc.a(truncdfsf2.o)
                              ./StdPeriphDriver/CH57x_clk.o (__truncdfsf2)
g:/mounriver/mounriver_studio/toolchain/risc-v embedded gcc/bin/../lib/gcc/riscv-none-embed/8.2.0/rv32imac/ilp32\libgcc.a(_clzsi2.o)
                              g:/mounriver/mounriver_studio/toolchain/risc-v embedded gcc/bin/../lib/gcc/riscv-none-embed/8.2.0/rv32imac/ilp32\libgcc.a(muldf3.o) (__clzsi2)
g:/mounriver/mounriver_studio/toolchain/risc-v embedded gcc/bin/../lib/gcc/riscv-none-embed/8.2.0/rv32imac/ilp32\libgcc.a(_clz.o)
                              g:/mounriver/mounriver_studio/toolchain/risc-v embedded gcc/bin/../lib/gcc/riscv-none-embed/8.2.0/rv32imac/ilp32\libgcc.a(_clzsi2.o) (__clz_tab)
g:/mounriver/mounriver_studio/toolchain/risc-v embedded gcc/bin/../lib/gcc/riscv-none-embed/8.2.0/../../../../riscv-none-embed/lib/rv32imac/ilp32\libg_nano.a(lib_a-printf.o)
                              ./src/Main.o (printf)
g:/mounriver/mounriver_studio/toolchain/risc-v embedded gcc/bin/../lib/gcc/riscv-none-embed/8.2.0/../../../../riscv-none-embed/lib/rv32imac/ilp32\libg_nano.a(lib_a-putchar.o)
                              ./src/Main.o (putchar)
g:/mounriver/mounriver_studio/toolchain/risc-v embedded gcc/bin/../lib/gcc/riscv-none-embed/8.2.0/../../../../riscv-none-embed/lib/rv32imac/ilp32\libg_nano.a(lib_a-puts.o)
                              ./src/Main.o (puts)
g:/mounriver/mounriver_studio/toolchain/risc-v embedded gcc/bin/../lib/gcc/riscv-none-embed/8.2.0/../../../../riscv-none-embed/lib/rv32imac/ilp32\libg_nano.a(lib_a-wbuf.o)
                              g:/mounriver/mounriver_studio/toolchain/risc-v embedded gcc/bin/../lib/gcc/riscv-none-embed/8.2.0/../../../../riscv-none-embed/lib/rv32imac/ilp32\libg_nano.a(lib_a-puts.o) (__swbuf_r)
g:/mounriver/mounriver_studio/toolchain/risc-v embedded gcc/bin/../lib/gcc/riscv-none-embed/8.2.0/../../../../riscv-none-embed/lib/rv32imac/ilp32\libg_nano.a(lib_a-wsetup.o)
                              g:/mounriver/mounriver_studio/toolchain/risc-v embedded gcc/bin/../lib/gcc/riscv-none-embed/8.2.0/../../../../riscv-none-embed/lib/rv32imac/ilp32\libg_nano.a(lib_a-puts.o) (__swsetup_r)
g:/mounriver/mounriver_studio/toolchain/risc-v embedded gcc/bin/../lib/gcc/riscv-none-embed/8.2.0/../../../../riscv-none-embed/lib/rv32imac/ilp32\libg_nano.a(lib_a-fflush.o)
                              g:/mounriver/mounriver_studio/toolchain/risc-v embedded gcc/bin/../lib/gcc/riscv-none-embed/8.2.0/../../../../riscv-none-embed/lib/rv32imac/ilp32\libg_nano.a(lib_a-wbuf.o) (_fflush_r)
g:/mounriver/mounriver_studio/toolchain/risc-v embedded gcc/bin/../lib/gcc/riscv-none-embed/8.2.0/../../../../riscv-none-embed/lib/rv32imac/ilp32\libg_nano.a(lib_a-findfp.o)
                              g:/mounriver/mounriver_studio/toolchain/risc-v embedded gcc/bin/../lib/gcc/riscv-none-embed/8.2.0/../../../../riscv-none-embed/lib/rv32imac/ilp32\libg_nano.a(lib_a-printf.o) (__sinit)
g:/mounriver/mounriver_studio/toolchain/risc-v embedded gcc/bin/../lib/gcc/riscv-none-embed/8.2.0/../../../../riscv-none-embed/lib/rv32imac/ilp32\libg_nano.a(lib_a-fwalk.o)
                              g:/mounriver/mounriver_studio/toolchain/risc-v embedded gcc/bin/../lib/gcc/riscv-none-embed/8.2.0/../../../../riscv-none-embed/lib/rv32imac/ilp32\libg_nano.a(lib_a-findfp.o) (_fwalk)
g:/mounriver/mounriver_studio/toolchain/risc-v embedded gcc/bin/../lib/gcc/riscv-none-embed/8.2.0/../../../../riscv-none-embed/lib/rv32imac/ilp32\libg_nano.a(lib_a-impure.o)
[...]
Memory Configuration

Name             Origin             Length             Attributes
FLASH            0x0000000000000000 0x0000000000070000 xr
RAM              0x0000000020003800 0x0000000000004800 xrw
*default*        0x0000000000000000 0xffffffffffffffff

Linker script and memory map

LOAD ./src/Main.o
LOAD ./StdPeriphDriver/CH57x_adc.o
LOAD ./StdPeriphDriver/CH57x_clk.o
LOAD ./StdPeriphDriver/CH57x_flash.o
LOAD ./StdPeriphDriver/CH57x_gpio.o
LOAD ./StdPeriphDriver/CH57x_pwr.o
LOAD ./StdPeriphDriver/CH57x_sys.o
LOAD ./StdPeriphDriver/CH57x_timer0.o
LOAD ./StdPeriphDriver/CH57x_timer1.o
LOAD ./StdPeriphDriver/CH57x_timer2.o
LOAD ./StdPeriphDriver/CH57x_timer3.o
LOAD ./StdPeriphDriver/CH57x_uart0.o
LOAD ./StdPeriphDriver/CH57x_uart1.o
LOAD ./Startup/startup_CH573.o
LOAD ./RVMSIS/core_riscv.o
LOAD D:\share\test\CH573EVT\EVT\EXAM\SRC\StdPeriphDriver\libISP573.a
LOAD g:/mounriver/mounriver_studio/toolchain/risc-v embedded gcc/bin/../lib/gcc/riscv-none-embed/8.2.0/rv32imac/ilp32\libgcc.a
LOAD g:/mounriver/mounriver_studio/toolchain/risc-v embedded gcc/bin/../lib/gcc/riscv-none-embed/8.2.0/../../../../riscv-none-embed/lib/rv32imac/ilp32\libg_nano.a
LOAD g:/mounriver/mounriver_studio/toolchain/risc-v embedded gcc/bin/../lib/gcc/riscv-none-embed/8.2.0/../../../../riscv-none-embed/lib/rv32imac/ilp32\libc_nano.a
LOAD g:/mounriver/mounriver_studio/toolchain/risc-v embedded gcc/bin/../lib/gcc/riscv-none-embed/8.2.0/rv32imac/ilp32\libgcc.a
START GROUP
LOAD g:/mounriver/mounriver_studio/toolchain/risc-v embedded gcc/bin/../lib/gcc/riscv-none-embed/8.2.0/rv32imac/ilp32\libgcc.a
LOAD g:/mounriver/mounriver_studio/toolchain/risc-v embedded gcc/bin/../lib/gcc/riscv-none-embed/8.2.0/../../../../riscv-none-embed/lib/rv32imac/ilp32\libc_nano.a
LOAD g:/mounriver/mounriver_studio/toolchain/risc-v embedded gcc/bin/../lib/gcc/riscv-none-embed/8.2.0/../../../../riscv-none-embed/lib/rv32imac/ilp32\libnosys.a
END GROUP
START GROUP
LOAD g:/mounriver/mounriver_studio/toolchain/risc-v embedded gcc/bin/../lib/gcc/riscv-none-embed/8.2.0/rv32imac/ilp32\libgcc.a
LOAD g:/mounriver/mounriver_studio/toolchain/risc-v embedded gcc/bin/../lib/gcc/riscv-none-embed/8.2.0/../../../../riscv-none-embed/lib/rv32imac/ilp32\libc_nano.a
LOAD g:/mounriver/mounriver_studio/toolchain/risc-v embedded gcc/bin/../lib/gcc/riscv-none-embed/8.2.0/../../../../riscv-none-embed/lib/rv32imac/ilp32\libnosys.a
END GROUP

.init           0x0000000000000000        0x4
                0x0000000000000000                _sinit = .
                0x0000000000000000                . = ALIGN (0x4)
 *(SORT_NONE(.init))
 .init          0x0000000000000000        0x4 ./Startup/startup_CH573.o
                0x0000000000000000                _start
                0x0000000000000004                . = ALIGN (0x4)
                0x0000000000000004                _einit = .

.highcodelalign
                0x0000000000000004        0x0
                0x0000000000000004                . = ALIGN (0x4)
                0x0000000000000004                PROVIDE (_highcode_lma = .)

.highcode       0x0000000020003800      0x694 load address 0x0000000000000004
                0x0000000020003800                . = ALIGN (0x4)
                0x0000000020003800                PROVIDE (_highcode_vma_start = .)
 *(.vector)
 .vector        0x0000000020003800       0x90 ./Startup/startup_CH573.o
 *(SORT_NONE(.vector_handler))
 .vector_handler
                0x0000000020003890       0x2c ./Startup/startup_CH573.o
                0x0000000020003890                NMI_Handler
                0x0000000020003894                SysTick_Handler
                0x0000000020003896                SW_Handler
                0x000000002000389a                GPIOA_IRQHandler
                0x000000002000389c                GPIOB_IRQHandler
                0x000000002000389e                SPI0_IRQHandler
                0x00000000200038a0                BB_IRQHandler
                0x00000000200038a2                LLE_IRQHandler
                0x00000000200038a4                USB_IRQHandler
                0x00000000200038aa                UART0_IRQHandler
                0x00000000200038ac                UART1_IRQHandler
                0x00000000200038ae                RTC_IRQHandler
                0x00000000200038b0                ADC_IRQHandler
                0x00000000200038b2                PWMX_IRQHandler
                0x00000000200038b4                TMR3_IRQHandler
                0x00000000200038b6                UART2_IRQHandler
                0x00000000200038b8                UART3_IRQHandler
                0x00000000200038ba                WDOG_BAT_IRQHandler
 *(.highcode)
 .highcode      0x00000000200038bc       0x74 ./src/Main.o
                0x00000000200038bc                TMR0_IRQHandler
                0x00000000200038e2                TMR1_IRQHandler
                0x000000002000391a                TMR2_IRQHandler
 .highcode      0x0000000020003930      0x19c ./StdPeriphDriver/CH57x_sys.o
                0x0000000020003930                SetSysClock
                0x0000000020003a28                SYS_ResetExecute
                0x0000000020003a60                HardFault_Handler
                0x0000000020003a96                mDelayuS
                0x0000000020003aa4                mDelaymS
 .highcode      0x0000000020003acc      0x3c8 D:\share\test\CH573EVT\EVT\EXAM\SRC\StdPeriphDriver\libISP573.a(ISP573.o)
                0x0000000020003b86                FLASH_EEPROM_CMD
 *(.highcode.*)
                0x0000000020003e94                . = ALIGN (0x4)
                0x0000000020003e94                PROVIDE (_highcode_vma_end = .)

.text           0x0000000000000698     0x1a08
                0x0000000000000698                . = ALIGN (0x4)
 *(SORT_NONE(.handle_reset))
 .handle_reset  0x0000000000000698       0x9e ./Startup/startup_CH573.o
                0x0000000000000698                handle_reset
 *(.text)
 .text          0x0000000000000736       0xa8 g:/mounriver/mounriver_studio/toolchain/risc-v embedded gcc/bin/../lib/gcc/riscv-none-embed/8.2.0/../../../../riscv-none-embed/lib/rv32imac/ilp32\libg_nano.a(lib_a-memset.o)
                0x0000000000000736                memset
 *(.text.*)
 .text.DebugInit
                0x00000000000007de       0x2a ./src/Main.o
                0x00000000000007de                DebugInit
 .text.startup.main
                0x0000000000000808      0x194 ./src/Main.o
                0x0000000000000808                main
 .text.GPIOA_ModeCfg
                0x000000000000099c       0xa6 ./StdPeriphDriver/CH57x_gpio.o
                0x000000000000099c                GPIOA_ModeCfg
 .text.GPIOB_ModeCfg
                0x0000000000000a42       0xa6 ./StdPeriphDriver/CH57x_gpio.o
                0x0000000000000a42                GPIOB_ModeCfg
 .text.GPIOPinRemap
                0x0000000000000ae8       0x1a ./StdPeriphDriver/CH57x_gpio.o
                0x0000000000000ae8                GPIOPinRemap
 .text.PWR_UnitModCfg
                0x0000000000000b02       0x5a ./StdPeriphDriver/CH57x_pwr.o
                0x0000000000000b02                PWR_UnitModCfg
 .text.GetSysClock
                0x0000000000000b5c       0x42 ./StdPeriphDriver/CH57x_sys.o
                0x0000000000000b5c                GetSysClock
 .text._write   0x0000000000000b9e       0x28 ./StdPeriphDriver/CH57x_sys.o
                0x0000000000000b9e                _write
 .text.TMR0_TimerInit
                0x0000000000000bc6       0x14 ./StdPeriphDriver/CH57x_timer0.o
                0x0000000000000bc6                TMR0_TimerInit
 .text.TMR1_CapInit
                0x0000000000000bda       0x1a ./StdPeriphDriver/CH57x_timer1.o
                0x0000000000000bda                TMR1_CapInit
 .text.TMR1_DMACfg
                0x0000000000000bf4       0x20 ./StdPeriphDriver/CH57x_timer1.o
                0x0000000000000bf4                TMR1_DMACfg
 .text.TMR2_EXTSingleCounterInit
                0x0000000000000c14       0x1a ./StdPeriphDriver/CH57x_timer2.o
                0x0000000000000c14                TMR2_EXTSingleCounterInit
 .text.TMR3_PWMInit
                0x0000000000000c2e       0x18 ./StdPeriphDriver/CH57x_timer3.o
                0x0000000000000c2e                TMR3_PWMInit
 .text.UART1_BaudRateCfg
                0x0000000000000c46       0x30 ./StdPeriphDriver/CH57x_uart1.o
                0x0000000000000c46                UART1_BaudRateCfg
 .text.UART1_DefInit
                0x0000000000000c76       0x32 ./StdPeriphDriver/CH57x_uart1.o
                0x0000000000000c76                UART1_DefInit
 .text.printf   0x0000000000000ca8       0x44 g:/mounriver/mounriver_studio/toolchain/risc-v embedded gcc/bin/../lib/gcc/riscv-none-embed/8.2.0/../../../../riscv-none-embed/lib/rv32imac/ilp32\libg_nano.a(lib_a-printf.o)
                0x0000000000000ca8                iprintf
                0x0000000000000ca8                printf
 .text.putchar  0x0000000000000cec       0x2e g:/mounriver/mounriver_studio/toolchain/risc-v embedded gcc/bin/../lib/gcc/riscv-none-embed/8.2.0/../../../../riscv-none-embed/lib/rv32imac/ilp32\libg_nano.a(lib_a-putchar.o)
                0x0000000000000cec                putchar
 .text._puts_r  0x0000000000000d1a       0xda g:/mounriver/mounriver_studio/toolchain/risc-v embedded gcc/bin/../lib/gcc/riscv-none-embed/8.2.0/../../../../riscv-none-embed/lib/rv32imac/ilp32\libg_nano.a(lib_a-puts.o)
                0x0000000000000d1a                _puts_r
 .text.puts     0x0000000000000df4        0xe g:/mounriver/mounriver_studio/toolchain/risc-v embedded gcc/bin/../lib/gcc/riscv-none-embed/8.2.0/../../../../riscv-none-embed/lib/rv32imac/ilp32\libg_nano.a(lib_a-puts.o)
                0x0000000000000df4                puts
 .text.__swbuf_r
                0x0000000000000e02       0xc0 g:/mounriver/mounriver_studio/toolchain/risc-v embedded gcc/bin/../lib/gcc/riscv-none-embed/8.2.0/../../../../riscv-none-embed/lib/rv32imac/ilp32\libg_nano.a(lib_a-wbuf.o)
                0x0000000000000e02                __swbuf_r
 .text.__swsetup_r
                0x0000000000000ec2      0x110 g:/mounriver/mounriver_studio/toolchain/risc-v embedded gcc/bin/../lib/gcc/riscv-none-embed/8.2.0/../../../../riscv-none-embed/lib/rv32imac/ilp32\libg_nano.a(lib_a-wsetup.o)
                0x0000000000000ec2                __swsetup_r
 .text.__sflush_r
                0x0000000000000fd2      0x13c g:/mounriver/mounriver_studio/toolchain/risc-v embedded gcc/bin/../lib/gcc/riscv-none-embed/8.2.0/../../../../riscv-none-embed/lib/rv32imac/ilp32\libg_nano.a(lib_a-fflush.o)
                0x0000000000000fd2                __sflush_r
 .text._fflush_r
                0x000000000000110e       0x64 g:/mounriver/mounriver_studio/toolchain/risc-v embedded gcc/bin/../lib/gcc/riscv-none-embed/8.2.0/../../../../riscv-none-embed/lib/rv32imac/ilp32\libg_nano.a(lib_a-fflush.o)
                0x000000000000110e                _fflush_r
 .text.std      0x0000000000001172       0x6a g:/mounriver/mounriver_studio/toolchain/risc-v embedded gcc/bin/../lib/gcc/riscv-none-embed/8.2.0/../../../../riscv-none-embed/lib/rv32imac/ilp32\libg_nano.a(lib_a-findfp.o)
 .text._cleanup_r
                0x00000000000011dc        0xa g:/mounriver/mounriver_studio/toolchain/risc-v embedded gcc/bin/../lib/gcc/riscv-none-embed/8.2.0/../../../../riscv-none-embed/lib/rv32imac/ilp32\libg_nano.a(lib_a-findfp.o)
                0x00000000000011dc                _cleanup_r
 .text.__sfmoreglue
                0x00000000000011e6       0x46 g:/mounriver/mounriver_studio/toolchain/risc-v embedded gcc/bin/../lib/gcc/riscv-none-embed/8.2.0/../../../../riscv-none-embed/lib/rv32imac/ilp32\libg_nano.a(lib_a-findfp.o)
                0x00000000000011e6                __sfmoreglue
 .text.__sinit  0x000000000000122c       0x6a g:/mounriver/mounriver_studio/toolchain/risc-v embedded gcc/bin/../lib/gcc/riscv-none-embed/8.2.0/../../../../riscv-none-embed/lib/rv32imac/ilp32\libg_nano.a(lib_a-findfp.o)
                0x000000000000122c                __sinit
 .text.__sfp    0x0000000000001296       0xa0 g:/mounriver/mounriver_studio/toolchain/risc-v embedded gcc/bin/../lib/gcc/riscv-none-embed/8.2.0/../../../../riscv-none-embed/lib/rv32imac/ilp32\libg_nano.a(lib_a-findfp.o)
                0x0000000000001296                __sfp
 .text._fwalk_reent
                0x0000000000001336       0x6c g:/mounriver/mounriver_studio/toolchain/risc-v embedded gcc/bin/../lib/gcc/riscv-none-embed/8.2.0/../../../../riscv-none-embed/lib/rv32imac/ilp32\libg_nano.a(lib_a-fwalk.o)
                0x0000000000001336                _fwalk_reent
 .text.__swhatbuf_r
                0x00000000000013a2       0x5a g:/mounriver/mounriver_studio/toolchain/risc-v embedded gcc/bin/../lib/gcc/riscv-none-embed/8.2.0/../../../../riscv-none-embed/lib/rv32imac/ilp32\libg_nano.a(lib_a-makebuf.o)
                0x00000000000013a2                __swhatbuf_r
 .text.__smakebuf_r
                0x00000000000013fc       0x9e g:/mounriver/mounriver_studio/toolchain/risc-v embedded gcc/bin/../lib/gcc/riscv-none-embed/8.2.0/../../../../riscv-none-embed/lib/rv32imac/ilp32\libg_nano.a(lib_a-makebuf.o)
                0x00000000000013fc                __smakebuf_r
 .text._free_r  0x000000000000149a       0xa8 g:/mounriver/mounriver_studio/toolchain/risc-v embedded gcc/bin/../lib/gcc/riscv-none-embed/8.2.0/../../../../riscv-none-embed/lib/rv32imac/ilp32\libg_nano.a(lib_a-nano-freer.o)
                0x000000000000149a                _free_r
 .text._malloc_r
                0x0000000000001542       0xd8 g:/mounriver/mounriver_studio/toolchain/risc-v embedded gcc/bin/../lib/gcc/riscv-none-embed/8.2.0/../../../../riscv-none-embed/lib/rv32imac/ilp32\libg_nano.a(lib_a-nano-mallocr.o)
                0x0000000000001542                _malloc_r
 .text.__sfputc_r
                0x000000000000161a       0x2a g:/mounriver/mounriver_studio/toolchain/risc-v embedded gcc/bin/../lib/gcc/riscv-none-embed/8.2.0/../../../../riscv-none-embed/lib/rv32imac/ilp32\libg_nano.a(lib_a-nano-vfprintf.o)
 .text.__sfputs_r
                0x0000000000001644       0x42 g:/mounriver/mounriver_studio/toolchain/risc-v embedded gcc/bin/../lib/gcc/riscv-none-embed/8.2.0/../../../../riscv-none-embed/lib/rv32imac/ilp32\libg_nano.a(lib_a-nano-vfprintf.o)
                0x0000000000001644                __sfputs_r
 .text._vfprintf_r
                0x0000000000001686      0x29a g:/mounriver/mounriver_studio/toolchain/risc-v embedded gcc/bin/../lib/gcc/riscv-none-embed/8.2.0/../../../../riscv-none-embed/lib/rv32imac/ilp32\libg_nano.a(lib_a-nano-vfprintf.o)
                0x0000000000001686                _vfprintf_r
                0x0000000000001686                _vfiprintf_r
 .text._printf_common
                0x0000000000001920      0x10c g:/mounriver/mounriver_studio/toolchain/risc-v embedded gcc/bin/../lib/gcc/riscv-none-embed/8.2.0/../../../../riscv-none-embed/lib/rv32imac/ilp32\libg_nano.a(lib_a-nano-vfprintf_i.o)
                0x0000000000001920                _printf_common
 .text._printf_i
                0x0000000000001a2c      0x2a2 g:/mounriver/mounriver_studio/toolchain/risc-v embedded gcc/bin/../lib/gcc/riscv-none-embed/8.2.0/../../../../riscv-none-embed/lib/rv32imac/ilp32\libg_nano.a(lib_a-nano-vfprintf_i.o)
                0x0000000000001a2c                _printf_i
 .text._putc_r  0x0000000000001cce       0x86 g:/mounriver/mounriver_studio/toolchain/risc-v embedded gcc/bin/../lib/gcc/riscv-none-embed/8.2.0/../../../../riscv-none-embed/lib/rv32imac/ilp32\libg_nano.a(lib_a-putc.o)
                0x0000000000001cce                _putc_r
 .text._sbrk_r  0x0000000000001d54       0x28 g:/mounriver/mounriver_studio/toolchain/risc-v embedded gcc/bin/../lib/gcc/riscv-none-embed/8.2.0/../../../../riscv-none-embed/lib/rv32imac/ilp32\libg_nano.a(lib_a-sbrkr.o)
                0x0000000000001d54                _sbrk_r
 .text.__sread  0x0000000000001d7c       0x30 g:/mounriver/mounriver_studio/toolchain/risc-v embedded gcc/bin/../lib/gcc/riscv-none-embed/8.2.0/../../../../riscv-none-embed/lib/rv32imac/ilp32\libg_nano.a(lib_a-stdio.o)
                0x0000000000001d7c                __sread
 .text.__swrite
                0x0000000000001dac       0x4e g:/mounriver/mounriver_studio/toolchain/risc-v embedded gcc/bin/../lib/gcc/riscv-none-embed/8.2.0/../../../../riscv-none-embed/lib/rv32imac/ilp32\libg_nano.a(lib_a-stdio.o)
                0x0000000000001dac                __swrite
 .text.__sseek  0x0000000000001dfa       0x36 g:/mounriver/mounriver_studio/toolchain/risc-v embedded gcc/bin/../lib/gcc/riscv-none-embed/8.2.0/../../../../riscv-none-embed/lib/rv32imac/ilp32\libg_nano.a(lib_a-stdio.o)
                0x0000000000001dfa                __sseek
 .text.__sclose
                0x0000000000001e30        0x6 g:/mounriver/mounriver_studio/toolchain/risc-v embedded gcc/bin/../lib/gcc/riscv-none-embed/8.2.0/../../../../riscv-none-embed/lib/rv32imac/ilp32\libg_nano.a(lib_a-stdio.o)
                0x0000000000001e30                __sclose
 .text._write_r
                0x0000000000001e36       0x2e g:/mounriver/mounriver_studio/toolchain/risc-v embedded gcc/bin/../lib/gcc/riscv-none-embed/8.2.0/../../../../riscv-none-embed/lib/rv32imac/ilp32\libg_nano.a(lib_a-writer.o)
                0x0000000000001e36                _write_r
 .text._close_r
                0x0000000000001e64       0x28 g:/mounriver/mounriver_studio/toolchain/risc-v embedded gcc/bin/../lib/gcc/riscv-none-embed/8.2.0/../../../../riscv-none-embed/lib/rv32imac/ilp32\libg_nano.a(lib_a-closer.o)
                0x0000000000001e64                _close_r
 .text._fstat_r
                0x0000000000001e8c       0x2a g:/mounriver/mounriver_studio/toolchain/risc-v embedded gcc/bin/../lib/gcc/riscv-none-embed/8.2.0/../../../../riscv-none-embed/lib/rv32imac/ilp32\libg_nano.a(lib_a-fstatr.o)
                0x0000000000001e8c                _fstat_r
 .text._isatty_r
                0x0000000000001eb6       0x28 g:/mounriver/mounriver_studio/toolchain/risc-v embedded gcc/bin/../lib/gcc/riscv-none-embed/8.2.0/../../../../riscv-none-embed/lib/rv32imac/ilp32\libg_nano.a(lib_a-isattyr.o)
                0x0000000000001eb6                _isatty_r
 .text._lseek_r
                0x0000000000001ede       0x2c g:/mounriver/mounriver_studio/toolchain/risc-v embedded gcc/bin/../lib/gcc/riscv-none-embed/8.2.0/../../../../riscv-none-embed/lib/rv32imac/ilp32\libg_nano.a(lib_a-lseekr.o)
                0x0000000000001ede                _lseek_r
 .text.memchr   0x0000000000001f0a       0x1a g:/mounriver/mounriver_studio/toolchain/risc-v embedded gcc/bin/../lib/gcc/riscv-none-embed/8.2.0/../../../../riscv-none-embed/lib/rv32imac/ilp32\libg_nano.a(lib_a-memchr.o)
                0x0000000000001f0a                memchr
 .text.__malloc_lock
                0x0000000000001f24        0x2 g:/mounriver/mounriver_studio/toolchain/risc-v embedded gcc/bin/../lib/gcc/riscv-none-embed/8.2.0/../../../../riscv-none-embed/lib/rv32imac/ilp32\libg_nano.a(lib_a-mlock.o)
                0x0000000000001f24                __malloc_lock
 .text.__malloc_unlock
                0x0000000000001f26        0x2 g:/mounriver/mounriver_studio/toolchain/risc-v embedded gcc/bin/../lib/gcc/riscv-none-embed/8.2.0/../../../../riscv-none-embed/lib/rv32imac/ilp32\libg_nano.a(lib_a-mlock.o)
                0x0000000000001f26                __malloc_unlock
 .text._read_r  0x0000000000001f28       0x2c g:/mounriver/mounriver_studio/toolchain/risc-v embedded gcc/bin/../lib/gcc/riscv-none-embed/8.2.0/../../../../riscv-none-embed/lib/rv32imac/ilp32\libg_nano.a(lib_a-readr.o)
                0x0000000000001f28                _read_r
 .text._close   0x0000000000001f54        0xc g:/mounriver/mounriver_studio/toolchain/risc-v embedded gcc/bin/../lib/gcc/riscv-none-embed/8.2.0/../../../../riscv-none-embed/lib/rv32imac/ilp32\libnosys.a(close.o)
                0x0000000000001f54                _close
 .text._fstat   0x0000000000001f60        0xc g:/mounriver/mounriver_studio/toolchain/risc-v embedded gcc/bin/../lib/gcc/riscv-none-embed/8.2.0/../../../../riscv-none-embed/lib/rv32imac/ilp32\libnosys.a(fstat.o)
                0x0000000000001f60                _fstat
 .text._isatty  0x0000000000001f6c        0xc g:/mounriver/mounriver_studio/toolchain/risc-v embedded gcc/bin/../lib/gcc/riscv-none-embed/8.2.0/../../../../riscv-none-embed/lib/rv32imac/ilp32\libnosys.a(isatty.o)
                0x0000000000001f6c                _isatty
 .text._lseek   0x0000000000001f78        0xc g:/mounriver/mounriver_studio/toolchain/risc-v embedded gcc/bin/../lib/gcc/riscv-none-embed/8.2.0/../../../../riscv-none-embed/lib/rv32imac/ilp32\libnosys.a(lseek.o)
                0x0000000000001f78                _lseek
 .text._read    0x0000000000001f84        0xc g:/mounriver/mounriver_studio/toolchain/risc-v embedded gcc/bin/../lib/gcc/riscv-none-embed/8.2.0/../../../../riscv-none-embed/lib/rv32imac/ilp32\libnosys.a(read.o)
                0x0000000000001f84                _read
 .text._sbrk    0x0000000000001f90       0x20 g:/mounriver/mounriver_studio/toolchain/risc-v embedded gcc/bin/../lib/gcc/riscv-none-embed/8.2.0/../../../../riscv-none-embed/lib/rv32imac/ilp32\libnosys.a(sbrk.o)
                0x0000000000001f90                _sbrk
 *(.rodata)
 *(.rodata*)
 *fill*         0x0000000000001fb0        0x0 
 .rodata.main.str1.4
                0x0000000000001fb0       0x23 ./src/Main.o
 *fill*         0x0000000000001fd3        0x1 
 .rodata.str1.4
                0x0000000000001fd4        0x2 ./src/Main.o
 *fill*         0x0000000000001fd6        0x2 
 .rodata.GPIOA_ModeCfg
                0x0000000000001fd8       0x14 ./StdPeriphDriver/CH57x_gpio.o
 .rodata.GPIOB_ModeCfg
                0x0000000000001fec       0x14 ./StdPeriphDriver/CH57x_gpio.o
 .rodata.__sf_fake_stderr
                0x0000000000002000       0x20 g:/mounriver/mounriver_studio/toolchain/risc-v embedded gcc/bin/../lib/gcc/riscv-none-embed/8.2.0/../../../../riscv-none-embed/lib/rv32imac/ilp32\libg_nano.a(lib_a-findfp.o)
                0x0000000000002000                __sf_fake_stderr
 .rodata.__sf_fake_stdin
                0x0000000000002020       0x20 g:/mounriver/mounriver_studio/toolchain/risc-v embedded gcc/bin/../lib/gcc/riscv-none-embed/8.2.0/../../../../riscv-none-embed/lib/rv32imac/ilp32\libg_nano.a(lib_a-findfp.o)
                0x0000000000002020                __sf_fake_stdin
 .rodata.__sf_fake_stdout
                0x0000000000002040       0x20 g:/mounriver/mounriver_studio/toolchain/risc-v embedded gcc/bin/../lib/gcc/riscv-none-embed/8.2.0/../../../../riscv-none-embed/lib/rv32imac/ilp32\libg_nano.a(lib_a-findfp.o)
                0x0000000000002040                __sf_fake_stdout
 .rodata._vfprintf_r.str1.4
                0x0000000000002060       0x13 g:/mounriver/mounriver_studio/toolchain/risc-v embedded gcc/bin/../lib/gcc/riscv-none-embed/8.2.0/../../../../riscv-none-embed/lib/rv32imac/ilp32\libg_nano.a(lib_a-nano-vfprintf.o)
 *fill*         0x0000000000002073        0x1 
 .rodata._printf_i.str1.4
                0x0000000000002074       0x28 g:/mounriver/mounriver_studio/toolchain/risc-v embedded gcc/bin/../lib/gcc/riscv-none-embed/8.2.0/../../../../riscv-none-embed/lib/rv32imac/ilp32\libg_nano.a(lib_a-nano-vfprintf_i.o)
                                         0x25 (size before relaxing)
 *(.sdata2.*)
 .sdata2._global_impure_ptr
                0x000000000000209c        0x4 g:/mounriver/mounriver_studio/toolchain/risc-v embedded gcc/bin/../lib/gcc/riscv-none-embed/8.2.0/../../../../riscv-none-embed/lib/rv32imac/ilp32\libg_nano.a(lib_a-impure.o)
                0x000000000000209c                _global_impure_ptr
 *(.glue_7)
 *(.glue_7t)
 *(.gnu.linkonce.t.*)
                0x00000000000020a0                . = ALIGN (0x4)

.rela.dyn       0x00000000000020a0        0x0
 .rela.init     0x00000000000020a0        0x0 ./src/Main.o
 .rela.vector   0x00000000000020a0        0x0 ./src/Main.o
 .rela.handle_reset
                0x00000000000020a0        0x0 ./src/Main.o
 .rela.text._vfprintf_r
                0x00000000000020a0        0x0 ./src/Main.o
 .rela.text._sbrk_r
                0x00000000000020a0        0x0 ./src/Main.o
 .rela.text._write_r
                0x00000000000020a0        0x0 ./src/Main.o
 .rela.text._close_r
                0x00000000000020a0        0x0 ./src/Main.o
 .rela.text._fstat_r
                0x00000000000020a0        0x0 ./src/Main.o
 .rela.text._isatty_r
                0x00000000000020a0        0x0 ./src/Main.o
 .rela.text._lseek_r
                0x00000000000020a0        0x0 ./src/Main.o
 .rela.text._read_r
                0x00000000000020a0        0x0 ./src/Main.o
 .rela.text._close
                0x00000000000020a0        0x0 ./src/Main.o
 .rela.text._fstat
                0x00000000000020a0        0x0 ./src/Main.o
 .rela.text._isatty
                0x00000000000020a0        0x0 ./src/Main.o
 .rela.text._lseek
                0x00000000000020a0        0x0 ./src/Main.o
 .rela.text._read
                0x00000000000020a0        0x0 ./src/Main.o
 .rela.text._sbrk
                0x00000000000020a0        0x0 ./src/Main.o

.fini           0x00000000000020a0        0x0
 *(SORT_NONE(.fini))
                0x00000000000020a0                . = ALIGN (0x4)
                [!provide]                        PROVIDE (_etext = .)
                [!provide]                        PROVIDE (_eitcm = .)

.preinit_array  0x00000000000020a0        0x0
                [!provide]                        PROVIDE (__preinit_array_start = .)
 *(.preinit_array)
                [!provide]                        PROVIDE (__preinit_array_end = .)

.init_array     0x00000000000020a0        0x0
                [!provide]                        PROVIDE (__init_array_start = .)
 *(SORT_BY_INIT_PRIORITY(.init_array.*) SORT_BY_INIT_PRIORITY(.ctors.*))
 *(.init_array EXCLUDE_FILE(*crtend?.o *crtend.o *crtbegin?.o *crtbegin.o) .ctors)
                [!provide]                        PROVIDE (__init_array_end = .)

.fini_array     0x00000000000020a0        0x0
                [!provide]                        PROVIDE (__fini_array_start = .)
 *(SORT_BY_INIT_PRIORITY(.fini_array.*) SORT_BY_INIT_PRIORITY(.dtors.*))
 *(.fini_array EXCLUDE_FILE(*crtend?.o *crtend.o *crtbegin?.o *crtbegin.o) .dtors)
                [!provide]                        PROVIDE (__fini_array_end = .)

.ctors
 *crtbegin.o(.ctors)
 *crtbegin?.o(.ctors)
 *(EXCLUDE_FILE(*crtend?.o *crtend.o) .ctors)
 *(SORT_BY_NAME(.ctors.*))
 *(.ctors)

.dtors
 *crtbegin.o(.dtors)
 *crtbegin?.o(.dtors)
 *(EXCLUDE_FILE(*crtend?.o *crtend.o) .dtors)
 *(SORT_BY_NAME(.dtors.*))
 *(.dtors)

.dalign         0x0000000020003e94      0x16c load address 0x00000000000020a0
                0x0000000020004000                . = (ORIGIN (RAM) + MAX (0x800, SIZEOF (.highcode)))
 *fill*         0x0000000020003e94      0x16c 

.dlalign        0x00000000000020a0        0x0
                0x00000000000020a0                . = ALIGN (0x4)
                0x00000000000020a0                PROVIDE (_data_lma = .)

.data           0x0000000020004000       0x68 load address 0x00000000000020a0
                0x0000000020004000                . = ALIGN (0x4)
                0x0000000020004000                PROVIDE (_data_vma = .)
 *(.gnu.linkonce.r.*)
 *(.data .data.*)
 .data.impure_data
                0x0000000020004000       0x60 g:/mounriver/mounriver_studio/toolchain/risc-v embedded gcc/bin/../lib/gcc/riscv-none-embed/8.2.0/../../../../riscv-none-embed/lib/rv32imac/ilp32\libg_nano.a(lib_a-impure.o)
 *(.gnu.linkonce.d.*)
                0x0000000020004060                . = ALIGN (0x8)
                0x0000000020004860                PROVIDE (__global_pointer$ = (. + 0x800))
 *(.sdata .sdata.*)
 .sdata._impure_ptr
                0x0000000020004060        0x4 g:/mounriver/mounriver_studio/toolchain/risc-v embedded gcc/bin/../lib/gcc/riscv-none-embed/8.2.0/../../../../riscv-none-embed/lib/rv32imac/ilp32\libg_nano.a(lib_a-impure.o)
                0x0000000020004060                _impure_ptr
 *(.gnu.linkonce.s.*)
                0x0000000020004068                . = ALIGN (0x8)
 *fill*         0x0000000020004064        0x4 
 *(.srodata.cst16)
 *(.srodata.cst8)
 *(.srodata.cst4)
 *(.srodata.cst2)
 *(.srodata .srodata.*)
                0x0000000020004068                . = ALIGN (0x4)
                0x0000000020004068                PROVIDE (_edata = .)

.bss            0x0000000020004068      0x1a4 load address 0x0000000000002108
                0x0000000020004068                . = ALIGN (0x4)
                0x0000000020004068                PROVIDE (_sbss = .)
 *(.sbss*)
 .sbss.capFlag  0x0000000020004068        0x1 ./src/Main.o
                0x0000000020004068                capFlag
 *fill*         0x0000000020004069        0x3 
 .sbss.__malloc_free_list
                0x000000002000406c        0x4 g:/mounriver/mounriver_studio/toolchain/risc-v embedded gcc/bin/../lib/gcc/riscv-none-embed/8.2.0/../../../../riscv-none-embed/lib/rv32imac/ilp32\libg_nano.a(lib_a-nano-mallocr.o)
                0x000000002000406c                __malloc_free_list
 .sbss.__malloc_sbrk_start
                0x0000000020004070        0x4 g:/mounriver/mounriver_studio/toolchain/risc-v embedded gcc/bin/../lib/gcc/riscv-none-embed/8.2.0/../../../../riscv-none-embed/lib/rv32imac/ilp32\libg_nano.a(lib_a-nano-mallocr.o)
                0x0000000020004070                __malloc_sbrk_start
 .sbss.heap_end.1518
                0x0000000020004074        0x4 g:/mounriver/mounriver_studio/toolchain/risc-v embedded gcc/bin/../lib/gcc/riscv-none-embed/8.2.0/../../../../riscv-none-embed/lib/rv32imac/ilp32\libnosys.a(sbrk.o)
 *(.gnu.linkonce.sb.*)
 *(.bss*)
 .bss.CapBuf    0x0000000020004078      0x190 ./src/Main.o
                0x0000000020004078                CapBuf
 *(.gnu.linkonce.b.*)
 *(COMMON*)
 COMMON         0x0000000020004208        0x4 g:/mounriver/mounriver_studio/toolchain/risc-v embedded gcc/bin/../lib/gcc/riscv-none-embed/8.2.0/../../../../riscv-none-embed/lib/rv32imac/ilp32\libg_nano.a(lib_a-reent.o)
                0x0000000020004208                errno
                0x000000002000420c                . = ALIGN (0x4)
                0x000000002000420c                PROVIDE (_ebss = .)
                [!provide]                        PROVIDE (_end = _ebss)
                0x000000002000420c                PROVIDE (end = .)

.stack          0x0000000020008000        0x0
                0x0000000020008000                . = ALIGN (0x4)
                0x0000000020008000                PROVIDE (_eusrstack = .)
OUTPUT(TMR.elf elf32-littleriscv)

.debug_info     0x0000000000000000     0x8098
 .debug_info    0x0000000000000000     0x12b5 ./src/Main.o
 .debug_info    0x00000000000012b5      0xcdb ./StdPeriphDriver/CH57x_gpio.o
 .debug_info    0x0000000000001f90     0x1147 ./StdPeriphDriver/CH57x_pwr.o
 .debug_info    0x00000000000030d7     0x10f0 ./StdPeriphDriver/CH57x_sys.o
 .debug_info    0x00000000000041c7      0xc2d ./StdPeriphDriver/CH57x_timer0.o
 .debug_info    0x0000000000004df4      0xcd1 ./StdPeriphDriver/CH57x_timer1.o
 .debug_info    0x0000000000005ac5      0xcd1 ./StdPeriphDriver/CH57x_timer2.o
 .debug_info    0x0000000000006796      0xc2d ./StdPeriphDriver/CH57x_timer3.o
 .debug_info    0x00000000000073c3      0xcb3 ./StdPeriphDriver/CH57x_uart1.o
 .debug_info    0x0000000000008076       0x22 ./Startup/startup_CH573.o

.debug_abbrev   0x0000000000000000     0x17db
 .debug_abbrev  0x0000000000000000      0x351 ./src/Main.o
 .debug_abbrev  0x0000000000000351      0x268 ./StdPeriphDriver/CH57x_gpio.o
 .debug_abbrev  0x00000000000005b9      0x32a ./StdPeriphDriver/CH57x_pwr.o
 .debug_abbrev  0x00000000000008e3      0x346 ./StdPeriphDriver/CH57x_sys.o
 .debug_abbrev  0x0000000000000c29      0x235 ./StdPeriphDriver/CH57x_timer0.o
 .debug_abbrev  0x0000000000000e5e      0x246 ./StdPeriphDriver/CH57x_timer1.o
 .debug_abbrev  0x00000000000010a4      0x246 ./StdPeriphDriver/CH57x_timer2.o
 .debug_abbrev  0x00000000000012ea      0x235 ./StdPeriphDriver/CH57x_timer3.o
 .debug_abbrev  0x000000000000151f      0x2aa ./StdPeriphDriver/CH57x_uart1.o
 .debug_abbrev  0x00000000000017c9       0x12 ./Startup/startup_CH573.o

.debug_loc      0x0000000000000000      0xbe5
 .debug_loc     0x0000000000000000       0x3c ./src/Main.o
 .debug_loc     0x000000000000003c      0x361 ./StdPeriphDriver/CH57x_gpio.o
 .debug_loc     0x000000000000039d      0x1fc ./StdPeriphDriver/CH57x_pwr.o
 .debug_loc     0x0000000000000599      0x24f ./StdPeriphDriver/CH57x_sys.o
 .debug_loc     0x00000000000007e8       0x84 ./StdPeriphDriver/CH57x_timer0.o
 .debug_loc     0x000000000000086c       0x84 ./StdPeriphDriver/CH57x_timer1.o
 .debug_loc     0x00000000000008f0       0x84 ./StdPeriphDriver/CH57x_timer2.o
 .debug_loc     0x0000000000000974       0x84 ./StdPeriphDriver/CH57x_timer3.o
 .debug_loc     0x00000000000009f8      0x1ed ./StdPeriphDriver/CH57x_uart1.o

.debug_aranges  0x0000000000000000      0x2e8
 .debug_aranges
                0x0000000000000000       0x40 ./src/Main.o
 .debug_aranges
                0x0000000000000040       0x48 ./StdPeriphDriver/CH57x_gpio.o
 .debug_aranges
                0x0000000000000088       0x60 ./StdPeriphDriver/CH57x_pwr.o
 .debug_aranges
                0x00000000000000e8       0x88 ./StdPeriphDriver/CH57x_sys.o
 .debug_aranges
                0x0000000000000170       0x38 ./StdPeriphDriver/CH57x_timer0.o
 .debug_aranges
                0x00000000000001a8       0x40 ./StdPeriphDriver/CH57x_timer1.o
 .debug_aranges
                0x00000000000001e8       0x40 ./StdPeriphDriver/CH57x_timer2.o
 .debug_aranges
                0x0000000000000228       0x38 ./StdPeriphDriver/CH57x_timer3.o
 .debug_aranges
                0x0000000000000260       0x50 ./StdPeriphDriver/CH57x_uart1.o
 .debug_aranges
                0x00000000000002b0       0x38 ./Startup/startup_CH573.o

.debug_ranges   0x0000000000000000      0x288
 .debug_ranges  0x0000000000000000       0x48 ./src/Main.o
 .debug_ranges  0x0000000000000048       0x38 ./StdPeriphDriver/CH57x_gpio.o
 .debug_ranges  0x0000000000000080       0x70 ./StdPeriphDriver/CH57x_pwr.o
 .debug_ranges  0x00000000000000f0       0x78 ./StdPeriphDriver/CH57x_sys.o
 .debug_ranges  0x0000000000000168       0x28 ./StdPeriphDriver/CH57x_timer0.o
 .debug_ranges  0x0000000000000190       0x30 ./StdPeriphDriver/CH57x_timer1.o
 .debug_ranges  0x00000000000001c0       0x30 ./StdPeriphDriver/CH57x_timer2.o
 .debug_ranges  0x00000000000001f0       0x28 ./StdPeriphDriver/CH57x_timer3.o
 .debug_ranges  0x0000000000000218       0x40 ./StdPeriphDriver/CH57x_uart1.o
 .debug_ranges  0x0000000000000258       0x30 ./Startup/startup_CH573.o

.debug_line     0x0000000000000000     0x3ba9
 .debug_line    0x0000000000000000      0x643 ./src/Main.o
 .debug_line    0x0000000000000643      0x708 ./StdPeriphDriver/CH57x_gpio.o
 .debug_line    0x0000000000000d4b      0xd04 ./StdPeriphDriver/CH57x_pwr.o
 .debug_line    0x0000000000001a4f      0xb57 ./StdPeriphDriver/CH57x_sys.o
 .debug_line    0x00000000000025a6      0x331 ./StdPeriphDriver/CH57x_timer0.o
 .debug_line    0x00000000000028d7      0x402 ./StdPeriphDriver/CH57x_timer1.o
 .debug_line    0x0000000000002cd9      0x402 ./StdPeriphDriver/CH57x_timer2.o
 .debug_line    0x00000000000030db      0x331 ./StdPeriphDriver/CH57x_timer3.o
 .debug_line    0x000000000000340c      0x53d ./StdPeriphDriver/CH57x_uart1.o
 .debug_line    0x0000000000003949      0x260 ./Startup/startup_CH573.o

.debug_str      0x0000000000000000     0x13cc
 .debug_str     0x0000000000000000      0xbdf ./src/Main.o
                                        0xc5d (size before relaxing)
 .debug_str     0x0000000000000bdf      0x106 ./StdPeriphDriver/CH57x_gpio.o
                                        0x899 (size before relaxing)
 .debug_str     0x0000000000000ce5      0x1e9 ./StdPeriphDriver/CH57x_pwr.o
                                        0xb3d (size before relaxing)
 .debug_str     0x0000000000000ece      0x181 ./StdPeriphDriver/CH57x_sys.o
                                        0xadf (size before relaxing)
 .debug_str     0x000000000000104f       0xac ./StdPeriphDriver/CH57x_timer0.o
                                        0x848 (size before relaxing)
 .debug_str     0x00000000000010fb       0x9a ./StdPeriphDriver/CH57x_timer1.o
                                        0x8a3 (size before relaxing)
 .debug_str     0x0000000000001195       0x78 ./StdPeriphDriver/CH57x_timer2.o
                                        0x8a3 (size before relaxing)
 .debug_str     0x000000000000120d       0x79 ./StdPeriphDriver/CH57x_timer3.o
                                        0x848 (size before relaxing)
 .debug_str     0x0000000000001286       0xfe ./StdPeriphDriver/CH57x_uart1.o
                                        0x83e (size before relaxing)
 .debug_str     0x0000000000001384       0x48 ./Startup/startup_CH573.o
                                         0x70 (size before relaxing)

.comment        0x0000000000000000       0x33
 .comment       0x0000000000000000       0x33 ./src/Main.o
                                         0x34 (size before relaxing)
 .comment       0x0000000000000033       0x34 ./StdPeriphDriver/CH57x_gpio.o
 .comment       0x0000000000000033       0x34 ./StdPeriphDriver/CH57x_pwr.o
 .comment       0x0000000000000033       0x34 ./StdPeriphDriver/CH57x_sys.o
 .comment       0x0000000000000033       0x34 ./StdPeriphDriver/CH57x_timer0.o
 .comment       0x0000000000000033       0x34 ./StdPeriphDriver/CH57x_timer1.o
 .comment       0x0000000000000033       0x34 ./StdPeriphDriver/CH57x_timer2.o
 .comment       0x0000000000000033       0x34 ./StdPeriphDriver/CH57x_timer3.o
 .comment       0x0000000000000033       0x34 ./StdPeriphDriver/CH57x_uart1.o
 .comment       0x0000000000000033       0x34 D:\share\test\CH573EVT\EVT\EXAM\SRC\StdPeriphDriver\libISP573.a(ISP573.o)

.debug_frame    0x0000000000000000      0xec4
 .debug_frame   0x0000000000000000       0x80 ./src/Main.o
 .debug_frame   0x0000000000000080       0x70 ./StdPeriphDriver/CH57x_gpio.o
 .debug_frame   0x00000000000000f0       0xf4 ./StdPeriphDriver/CH57x_pwr.o
 .debug_frame   0x00000000000001e4      0x114 ./StdPeriphDriver/CH57x_sys.o
 .debug_frame   0x00000000000002f8       0x50 ./StdPeriphDriver/CH57x_timer0.o
 .debug_frame   0x0000000000000348       0x60 ./StdPeriphDriver/CH57x_timer1.o
 .debug_frame   0x00000000000003a8       0x60 ./StdPeriphDriver/CH57x_timer2.o
 .debug_frame   0x0000000000000408       0x50 ./StdPeriphDriver/CH57x_timer3.o
 .debug_frame   0x0000000000000458       0x9c ./StdPeriphDriver/CH57x_uart1.o
 .debug_frame   0x00000000000004f4       0x54 g:/mounriver/mounriver_studio/toolchain/risc-v embedded gcc/bin/../lib/gcc/riscv-none-embed/8.2.0/../../../../riscv-none-embed/lib/rv32imac/ilp32\libg_nano.a(lib_a-printf.o)
 .debug_frame   0x0000000000000548       0x50 g:/mounriver/mounriver_studio/toolchain/risc-v embedded gcc/bin/../lib/gcc/riscv-none-embed/8.2.0/../../../../riscv-none-embed/lib/rv32imac/ilp32\libg_nano.a(lib_a-putchar.o)
 .debug_frame   0x0000000000000598       0x54 g:/mounriver/mounriver_studio/toolchain/risc-v embedded gcc/bin/../lib/gcc/riscv-none-embed/8.2.0/../../../../riscv-none-embed/lib/rv32imac/ilp32\libg_nano.a(lib_a-puts.o)
 .debug_frame   0x00000000000005ec       0x50 g:/mounriver/mounriver_studio/toolchain/risc-v embedded gcc/bin/../lib/gcc/riscv-none-embed/8.2.0/../../../../riscv-none-embed/lib/rv32imac/ilp32\libg_nano.a(lib_a-wbuf.o)
 .debug_frame   0x000000000000063c       0x3c g:/mounriver/mounriver_studio/toolchain/risc-v embedded gcc/bin/../lib/gcc/riscv-none-embed/8.2.0/../../../../riscv-none-embed/lib/rv32imac/ilp32\libg_nano.a(lib_a-wsetup.o)
 .debug_frame   0x0000000000000678       0x7c g:/mounriver/mounriver_studio/toolchain/risc-v embedded gcc/bin/../lib/gcc/riscv-none-embed/8.2.0/../../../../riscv-none-embed/lib/rv32imac/ilp32\libg_nano.a(lib_a-fflush.o)
 .debug_frame   0x00000000000006f4      0x148 g:/mounriver/mounriver_studio/toolchain/risc-v embedded gcc/bin/../lib/gcc/riscv-none-embed/8.2.0/../../../../riscv-none-embed/lib/rv32imac/ilp32\libg_nano.a(lib_a-findfp.o)
 .debug_frame   0x000000000000083c       0x88 g:/mounriver/mounriver_studio/toolchain/risc-v embedded gcc/bin/../lib/gcc/riscv-none-embed/8.2.0/../../../../riscv-none-embed/lib/rv32imac/ilp32\libg_nano.a(lib_a-fwalk.o)
 .debug_frame   0x00000000000008c4       0x64 g:/mounriver/mounriver_studio/toolchain/risc-v embedded gcc/bin/../lib/gcc/riscv-none-embed/8.2.0/../../../../riscv-none-embed/lib/rv32imac/ilp32\libg_nano.a(lib_a-makebuf.o)
 .debug_frame   0x0000000000000928       0x40 g:/mounriver/mounriver_studio/toolchain/risc-v embedded gcc/bin/../lib/gcc/riscv-none-embed/8.2.0/../../../../riscv-none-embed/lib/rv32imac/ilp32\libg_nano.a(lib_a-nano-freer.o)
 .debug_frame   0x0000000000000968       0x40 g:/mounriver/mounriver_studio/toolchain/risc-v embedded gcc/bin/../lib/gcc/riscv-none-embed/8.2.0/../../../../riscv-none-embed/lib/rv32imac/ilp32\libg_nano.a(lib_a-nano-mallocr.o)
 .debug_frame   0x00000000000009a8       0xd0 g:/mounriver/mounriver_studio/toolchain/risc-v embedded gcc/bin/../lib/gcc/riscv-none-embed/8.2.0/../../../../riscv-none-embed/lib/rv32imac/ilp32\libg_nano.a(lib_a-nano-vfprintf.o)
 .debug_frame   0x0000000000000a78       0x8c g:/mounriver/mounriver_studio/toolchain/risc-v embedded gcc/bin/../lib/gcc/riscv-none-embed/8.2.0/../../../../riscv-none-embed/lib/rv32imac/ilp32\libg_nano.a(lib_a-nano-vfprintf_i.o)
 .debug_frame   0x0000000000000b04       0x4c g:/mounriver/mounriver_studio/toolchain/risc-v embedded gcc/bin/../lib/gcc/riscv-none-embed/8.2.0/../../../../riscv-none-embed/lib/rv32imac/ilp32\libg_nano.a(lib_a-putc.o)
 .debug_frame   0x0000000000000b50       0x30 g:/mounriver/mounriver_studio/toolchain/risc-v embedded gcc/bin/../lib/gcc/riscv-none-embed/8.2.0/../../../../riscv-none-embed/lib/rv32imac/ilp32\libg_nano.a(lib_a-sbrkr.o)
 .debug_frame   0x0000000000000b80       0xa4 g:/mounriver/mounriver_studio/toolchain/risc-v embedded gcc/bin/../lib/gcc/riscv-none-embed/8.2.0/../../../../riscv-none-embed/lib/rv32imac/ilp32\libg_nano.a(lib_a-stdio.o)
 .debug_frame   0x0000000000000c24       0x30 g:/mounriver/mounriver_studio/toolchain/risc-v embedded gcc/bin/../lib/gcc/riscv-none-embed/8.2.0/../../../../riscv-none-embed/lib/rv32imac/ilp32\libg_nano.a(lib_a-writer.o)
 .debug_frame   0x0000000000000c54       0x30 g:/mounriver/mounriver_studio/toolchain/risc-v embedded gcc/bin/../lib/gcc/riscv-none-embed/8.2.0/../../../../riscv-none-embed/lib/rv32imac/ilp32\libg_nano.a(lib_a-closer.o)
 .debug_frame   0x0000000000000c84       0x30 g:/mounriver/mounriver_studio/toolchain/risc-v embedded gcc/bin/../lib/gcc/riscv-none-embed/8.2.0/../../../../riscv-none-embed/lib/rv32imac/ilp32\libg_nano.a(lib_a-fstatr.o)
 .debug_frame   0x0000000000000cb4       0x30 g:/mounriver/mounriver_studio/toolchain/risc-v embedded gcc/bin/../lib/gcc/riscv-none-embed/8.2.0/../../../../riscv-none-embed/lib/rv32imac/ilp32\libg_nano.a(lib_a-isattyr.o)
 .debug_frame   0x0000000000000ce4       0x30 g:/mounriver/mounriver_studio/toolchain/risc-v embedded gcc/bin/../lib/gcc/riscv-none-embed/8.2.0/../../../../riscv-none-embed/lib/rv32imac/ilp32\libg_nano.a(lib_a-lseekr.o)
 .debug_frame   0x0000000000000d14       0x20 g:/mounriver/mounriver_studio/toolchain/risc-v embedded gcc/bin/../lib/gcc/riscv-none-embed/8.2.0/../../../../riscv-none-embed/lib/rv32imac/ilp32\libg_nano.a(lib_a-memchr.o)
 .debug_frame   0x0000000000000d34       0x30 g:/mounriver/mounriver_studio/toolchain/risc-v embedded gcc/bin/../lib/gcc/riscv-none-embed/8.2.0/../../../../riscv-none-embed/lib/rv32imac/ilp32\libg_nano.a(lib_a-mlock.o)
 .debug_frame   0x0000000000000d64       0x30 g:/mounriver/mounriver_studio/toolchain/risc-v embedded gcc/bin/../lib/gcc/riscv-none-embed/8.2.0/../../../../riscv-none-embed/lib/rv32imac/ilp32\libg_nano.a(lib_a-readr.o)
 .debug_frame   0x0000000000000d94       0x70 g:/mounriver/mounriver_studio/toolchain/risc-v embedded gcc/bin/../lib/gcc/riscv-none-embed/8.2.0/../../../../riscv-none-embed/lib/rv32imac/ilp32\libg_nano.a(lib_a-reent.o)
 .debug_frame   0x0000000000000e04       0x20 g:/mounriver/mounriver_studio/toolchain/risc-v embedded gcc/bin/../lib/gcc/riscv-none-embed/8.2.0/../../../../riscv-none-embed/lib/rv32imac/ilp32\libnosys.a(close.o)
 .debug_frame   0x0000000000000e24       0x20 g:/mounriver/mounriver_studio/toolchain/risc-v embedded gcc/bin/../lib/gcc/riscv-none-embed/8.2.0/../../../../riscv-none-embed/lib/rv32imac/ilp32\libnosys.a(fstat.o)
 .debug_frame   0x0000000000000e44       0x20 g:/mounriver/mounriver_studio/toolchain/risc-v embedded gcc/bin/../lib/gcc/riscv-none-embed/8.2.0/../../../../riscv-none-embed/lib/rv32imac/ilp32\libnosys.a(isatty.o)
 .debug_frame   0x0000000000000e64       0x20 g:/mounriver/mounriver_studio/toolchain/risc-v embedded gcc/bin/../lib/gcc/riscv-none-embed/8.2.0/../../../../riscv-none-embed/lib/rv32imac/ilp32\libnosys.a(lseek.o)
 .debug_frame   0x0000000000000e84       0x20 g:/mounriver/mounriver_studio/toolchain/risc-v embedded gcc/bin/../lib/gcc/riscv-none-embed/8.2.0/../../../../riscv-none-embed/lib/rv32imac/ilp32\libnosys.a(read.o)
 .debug_frame   0x0000000000000ea4       0x20 g:/mounriver/mounriver_studio/toolchain/risc-v embedded gcc/bin/../lib/gcc/riscv-none-embed/8.2.0/../../../../riscv-none-embed/lib/rv32imac/ilp32\libnosys.a(sbrk.o)

.stab           0x0000000000000000       0x84
 .stab          0x0000000000000000       0x24 g:/mounriver/mounriver_studio/toolchain/risc-v embedded gcc/bin/../lib/gcc/riscv-none-embed/8.2.0/../../../../riscv-none-embed/lib/rv32imac/ilp32\libnosys.a(close.o)
 .stab          0x0000000000000024       0x18 g:/mounriver/mounriver_studio/toolchain/risc-v embedded gcc/bin/../lib/gcc/riscv-none-embed/8.2.0/../../../../riscv-none-embed/lib/rv32imac/ilp32\libnosys.a(fstat.o)
                                         0x24 (size before relaxing)
 .stab          0x000000000000003c       0x18 g:/mounriver/mounriver_studio/toolchain/risc-v embedded gcc/bin/../lib/gcc/riscv-none-embed/8.2.0/../../../../riscv-none-embed/lib/rv32imac/ilp32\libnosys.a(isatty.o)
                                         0x24 (size before relaxing)
 .stab          0x0000000000000054       0x18 g:/mounriver/mounriver_studio/toolchain/risc-v embedded gcc/bin/../lib/gcc/riscv-none-embed/8.2.0/../../../../riscv-none-embed/lib/rv32imac/ilp32\libnosys.a(lseek.o)
                                         0x24 (size before relaxing)
 .stab          0x000000000000006c       0x18 g:/mounriver/mounriver_studio/toolchain/risc-v embedded gcc/bin/../lib/gcc/riscv-none-embed/8.2.0/../../../../riscv-none-embed/lib/rv32imac/ilp32\libnosys.a(read.o)
                                         0x24 (size before relaxing)

.stabstr        0x0000000000000000      0x117
 .stabstr       0x0000000000000000      0x117 g:/mounriver/mounriver_studio/toolchain/risc-v embedded gcc/bin/../lib/gcc/riscv-none-embed/8.2.0/../../../../riscv-none-embed/lib/rv32imac/ilp32\libnosys.a(close.o)
