Archive member included to satisfy reference by file (symbol)

D:\share\test\CH573EVT\EVT\EXAM\SRC\StdPeriphDriver\libISP573.a(ISP573.o)
                              ./src/Main.o (FLASH_EEPROM_CMD)
g:/mounriver/mounriver_studio/toolchain/risc-v embedded gcc/bin/../lib/gcc/riscv-none-embed/8.2.0/rv32imac/ilp32\libgcc.a(muldf3.o)
                              ./StdPeriphDriver/CH57x_clk.o (__muldf3)
g:/mounriver/mounriver_studio/toolchain/risc-v embedded gcc/bin/../lib/gcc/riscv-none-embed/8.2.0/rv32imac/ilp32\libgcc.a(floatsidf.o)
                              ./StdPeriphDriver/CH57x_clk.o (__floatsidf)
g:/mounriver/mounriver_studio/toolchain/risc-v embedded gcc/bin/../lib/gcc/riscv-none-embed/8.2.0/rv32imac/ilp32\libgcc.a(mulsf3.o)
                              ./StdPeriphDriver/CH57x_clk.o (__mulsf3)
g:/mounriver/mounriver_studio/toolchain/risc-v embedded gcc/bin/../lib/gcc/riscv-none-embed/8.2.0/rv32imac/ilp32\libgcc.a(fixsfsi.o)
                              ./StdPeriphDriver/CH57x_clk.o (__fixsfsi)
g:/mounriver/mounriver_studio/toolchain/risc-v embedded gcc/bin/../lib/gcc/riscv-none-embed/8.2.0/rv32imac/ilp32\libgcc.a(floatsisf.o)
                              ./StdPeriphDriver/CH57x_clk.o (__floatsisf)
g:/mounriver/mounriver_studio/toolchain/risc-v embedded gcc/bin/../lib/gcc/riscv-none-embed/8.2.0/rv32imac/ilp32\libgcc.a(truncdfsf2.o)
                              ./StdPeriphDriver/CH57x_clk.o (__truncdfsf2)
g:/mounriver/mounriver_studio/toolchain/risc-v embedded gcc/bin/../lib/gcc/riscv-none-embed/8.2.0/rv32imac/ilp32\libgcc.a(_clzsi2.o)
                              g:/mounriver/mounriver_studio/toolchain/risc-v embedded gcc/bin/../lib/gcc/riscv-none-embed/8.2.0/rv32imac/ilp32\libgcc.a(muldf3.o) (__clzsi2)
g:/mounriver/mounriver_studio/toolchain/risc-v embedded gcc/bin/../lib/gcc/riscv-none-embed/8.2.0/rv32imac/ilp32\libgcc.a(_clz.o)
                              g:/mounriver/mounriver_studio/toolchain/risc-v embedded gcc/bin/../lib/gcc/riscv-none-embed/8.2.0/rv32imac/ilp32\libgcc.a(_clzsi2.o) (__clz_tab)
g:/mounriver/mounriver_studio/toolchain/risc-v embedded gcc/bin/../lib/gcc/riscv-none-embed/8.2.0/../../../../riscv-none-embed/lib/rv32imac/ilp32\libg_nano.a(lib_a-printf.o)
                              ./src/Main.o (printf)
g:/mounriver/mounriver_studio/toolchain/risc-v embedded gcc/bin/../lib/gcc/riscv-none-embed/8.2.0/../../../../riscv-none-embed/lib/rv32imac/ilp32\libg_nano.a(lib_a-putchar.o)
                              ./src/Main.o (putchar)
g:/mounriver/mounriver_studio/toolchain/risc-v embedded gcc/bin/../lib/gcc/riscv-none-embed/8.2.0/../../../../riscv-none-embed/lib/rv32imac/ilp32\libg_nano.a(lib_a-puts.o)
                              ./src/Main.o (puts)
g:/mounriver/mounriver_studio/toolchain/risc-v embedded gcc/bin/../lib/gcc/riscv-none-embed/8.2.0/../../../../riscv-none-embed/lib/rv32imac/ilp32\libg_nano.a(lib_a-wbuf.o)
                              g:/mounriver/mounriver_studio/toolchain/risc-v embedded gcc/bin/../lib/gcc/riscv-none-embed/8.2.0/../../../../riscv-none-embed/lib/rv32imac/ilp32\libg_nano.a(lib_a-puts.o) (__swbuf_r)
g:/mounriver/mounriver_studio/toolchain/risc-v embedded gcc/bin/../lib/gcc/riscv-none-embed/8.2.0/../../../../riscv-none-embed/lib/rv32imac/ilp32\libg_nano.a(lib_a-wsetup.o)
                              g:/mounriver/mounriver_studio/toolchain/risc-v embedded gcc/bin/../lib/gcc/riscv-none-embed/8.2.0/../../../../riscv-none-embed/lib/rv32imac/ilp32\libg_nano.a(lib_a-puts.o) (__swsetup_r)
g:/mounriver/mounriver_studio/toolchain/risc-v embedded gcc/bin/../lib/gcc/riscv-none-embed/8.2.0/../../../../riscv-none-embed/lib/rv32imac/ilp32\libg_nano.a(lib_a-fflush.o)
                              g:/mounriver/mounriver_studio/toolchain/risc-v embedded gcc/bin/../lib/gcc/riscv-none-embed/8.2.0/../../../../riscv-none-embed/lib/rv32imac/ilp32\libg_nano.a(lib_a-wbuf.o) (_fflush_r)
g:/mounriver/mounriver_studio/toolchain/risc-v embedded gcc/bin/../lib/gcc/riscv-none-embed/8.2.0/../../../../riscv-none-embed/lib/rv32imac/ilp32\libg_nano.a(lib_a-findfp.o)
                              g:/mounriver/mounriver_studio/toolchain/risc-v embedded gcc/bin/../lib/gcc/riscv-none-embed/8.2.0/../../../../riscv-none-embed/lib/rv32imac/ilp32\libg_nano.a(lib_a-printf.o) (__sinit)
g:/mounriver/mounriver_studio/toolchain/risc-v embedded gcc/bin/../lib/gcc/riscv-none-embed/8.2.0/../../../../riscv-none-embed/lib/rv32imac/ilp32\libg_nano.a(lib_a-fwalk.o)
                              g:/mounriver/mounriver_studio/toolchain/risc-v embedded gcc/bin/../lib/gcc/riscv-none-embed/8.2.0/../../../../riscv-none-embed/lib/rv32imac/ilp32\libg_nano.a(lib_a-findfp.o) (_fwalk)
g:/mounriver/mounriver_studio/toolchain/risc-v embedded gcc/bin/../lib/gcc/riscv-none-embed/8.2.0/../../../../riscv-none-embed/lib/rv32imac/ilp32\libg_nano.a(lib_a-impure.o)
[...]
Memory Configuration

Name             Origin             Length             Attributes
FLASH            0x0000000000000000 0x0000000000070000 xr
RAM              0x0000000020003800 0x0000000000004800 xrw
*default*        0x0000000000000000 0xffffffffffffffff

Linker script and memory map

LOAD ./src/Main.o
LOAD ./StdPeriphDriver/CH57x_adc.o
LOAD ./StdPeriphDriver/CH57x_clk.o
LOAD ./StdPeriphDriver/CH57x_flash.o
LOAD ./StdPeriphDriver/CH57x_gpio.o
LOAD ./StdPeriphDriver/CH57x_pwr.o
LOAD ./StdPeriphDriver/CH57x_sys.o
LOAD ./StdPeriphDriver/CH57x_uart0.o
LOAD ./StdPeriphDriver/CH57x_uart1.o
LOAD ./Startup/startup_CH573.o
LOAD ./RVMSIS/core_riscv.o
LOAD D:\share\test\CH573EVT\EVT\EXAM\SRC\StdPeriphDriver\libISP573.a
LOAD g:/mounriver/mounriver_studio/toolchain/risc-v embedded gcc/bin/../lib/gcc/riscv-none-embed/8.2.0/rv32imac/ilp32\libgcc.a
LOAD g:/mounriver/mounriver_studio/toolchain/risc-v embedded gcc/bin/../lib/gcc/riscv-none-embed/8.2.0/../../../../riscv-none-embed/lib/rv32imac/ilp32\libg_nano.a
LOAD g:/mounriver/mounriver_studio/toolchain/risc-v embedded gcc/bin/../lib/gcc/riscv-none-embed/8.2.0/../../../../riscv-none-embed/lib/rv32imac/ilp32\libc_nano.a
LOAD g:/mounriver/mounriver_studio/toolchain/risc-v embedded gcc/bin/../lib/gcc/riscv-none-embed/8.2.0/rv32imac/ilp32\libgcc.a
START GROUP
LOAD g:/mounriver/mounriver_studio/toolchain/risc-v embedded gcc/bin/../lib/gcc/riscv-none-embed/8.2.0/rv32imac/ilp32\libgcc.a
LOAD g:/mounriver/mounriver_studio/toolchain/risc-v embedded gcc/bin/../lib/gcc/riscv-none-embed/8.2.0/../../../../riscv-none-embed/lib/rv32imac/ilp32\libc_nano.a
LOAD g:/mounriver/mounriver_studio/toolchain/risc-v embedded gcc/bin/../lib/gcc/riscv-none-embed/8.2.0/../../../../riscv-none-embed/lib/rv32imac/ilp32\libnosys.a
END GROUP
START GROUP
LOAD g:/mounriver/mounriver_studio/toolchain/risc-v embedded gcc/bin/../lib/gcc/riscv-none-embed/8.2.0/rv32imac/ilp32\libgcc.a
LOAD g:/mounriver/mounriver_studio/toolchain/risc-v embedded gcc/bin/../lib/gcc/riscv-none-embed/8.2.0/../../../../riscv-none-embed/lib/rv32imac/ilp32\libc_nano.a
LOAD g:/mounriver/mounriver_studio/toolchain/risc-v embedded gcc/bin/../lib/gcc/riscv-none-embed/8.2.0/../../../../riscv-none-embed/lib/rv32imac/ilp32\libnosys.a
END GROUP

.init           0x0000000000000000        0x4
                0x0000000000000000                _sinit = .
                0x0000000000000000                . = ALIGN (0x4)
 *(SORT_NONE(.init))
 .init          0x0000000000000000        0x4 ./Startup/startup_CH573.o
                0x0000000000000000                _start
                0x0000000000000004                . = ALIGN (0x4)
                0x0000000000000004                _einit = .

.highcodelalign
                0x0000000000000004        0x0
                0x0000000000000004                . = ALIGN (0x4)
                0x0000000000000004                PROVIDE (_highcode_lma = .)

.highcode       0x0000000020003800      0x620 load address 0x0000000000000004
                0x0000000020003800                . = ALIGN (0x4)
                0x0000000020003800                PROVIDE (_highcode_vma_start = .)
 *(.vector)
 .vector        0x0000000020003800       0x90 ./Startup/startup_CH573.o
 *(SORT_NONE(.vector_handler))
 .vector_handler
                0x0000000020003890       0x2c ./Startup/startup_CH573.o
                0x0000000020003890                NMI_Handler
                0x0000000020003894                SysTick_Handler
                0x0000000020003896                SW_Handler
                0x0000000020003898                TMR0_IRQHandler
                0x000000002000389a                GPIOA_IRQHandler
                0x000000002000389c                GPIOB_IRQHandler
                0x000000002000389e                SPI0_IRQHandler
                0x00000000200038a0                BB_IRQHandler
                0x00000000200038a2                LLE_IRQHandler
                0x00000000200038a4                USB_IRQHandler
                0x00000000200038a6                TMR1_IRQHandler
                0x00000000200038a8                TMR2_IRQHandler
                0x00000000200038aa                UART0_IRQHandler
                0x00000000200038ac                UART1_IRQHandler
                0x00000000200038ae                RTC_IRQHandler
                0x00000000200038b0                ADC_IRQHandler
                0x00000000200038b2                PWMX_IRQHandler
                0x00000000200038b4                TMR3_IRQHandler
                0x00000000200038b6                UART2_IRQHandler
                0x00000000200038b8                UART3_IRQHandler
                0x00000000200038ba                WDOG_BAT_IRQHandler
 *(.highcode)
 .highcode      0x00000000200038bc      0x19c ./StdPeriphDriver/CH57x_sys.o
                0x00000000200038bc                SetSysClock
                0x00000000200039b4                SYS_ResetExecute
                0x00000000200039ec                HardFault_Handler
                0x0000000020003a22                mDelayuS
                0x0000000020003a30                mDelaymS
 .highcode      0x0000000020003a58      0x3c8 D:\share\test\CH573EVT\EVT\EXAM\SRC\StdPeriphDriver\libISP573.a(ISP573.o)
                0x0000000020003b12                FLASH_EEPROM_CMD
 *(.highcode.*)
                0x0000000020003e20                . = ALIGN (0x4)
                0x0000000020003e20                PROVIDE (_highcode_vma_end = .)

.text           0x0000000000000624     0x1ab0
                0x0000000000000624                . = ALIGN (0x4)
 *(SORT_NONE(.handle_reset))
 .handle_reset  0x0000000000000624       0x9e ./Startup/startup_CH573.o
                0x0000000000000624                handle_reset
 *(.text)
 .text          0x00000000000006c2       0xa8 g:/mounriver/mounriver_studio/toolchain/risc-v embedded gcc/bin/../lib/gcc/riscv-none-embed/8.2.0/../../../../riscv-none-embed/lib/rv32imac/ilp32\libg_nano.a(lib_a-memset.o)
                0x00000000000006c2                memset
 *(.text.*)
 .text.DebugInit
                0x000000000000076a       0x2a ./src/Main.o
                0x000000000000076a                DebugInit
 .text.startup.main
                0x0000000000000794      0x30c ./src/Main.o
                0x0000000000000794                main
 .text.FLASH_ROM_READ
                0x0000000000000aa0       0x1c ./StdPeriphDriver/CH57x_flash.o
                0x0000000000000aa0                FLASH_ROM_READ
 .text.GPIOA_ModeCfg
                0x0000000000000abc       0xa6 ./StdPeriphDriver/CH57x_gpio.o
                0x0000000000000abc                GPIOA_ModeCfg
 .text.GetSysClock
                0x0000000000000b62       0x42 ./StdPeriphDriver/CH57x_sys.o
                0x0000000000000b62                GetSysClock
 .text._write   0x0000000000000ba4       0x28 ./StdPeriphDriver/CH57x_sys.o
                0x0000000000000ba4                _write
 .text.UART1_BaudRateCfg
                0x0000000000000bcc       0x30 ./StdPeriphDriver/CH57x_uart1.o
                0x0000000000000bcc                UART1_BaudRateCfg
 .text.UART1_DefInit
                0x0000000000000bfc       0x32 ./StdPeriphDriver/CH57x_uart1.o
                0x0000000000000bfc                UART1_DefInit
 .text.printf   0x0000000000000c2e       0x44 g:/mounriver/mounriver_studio/toolchain/risc-v embedded gcc/bin/../lib/gcc/riscv-none-embed/8.2.0/../../../../riscv-none-embed/lib/rv32imac/ilp32\libg_nano.a(lib_a-printf.o)
                0x0000000000000c2e                iprintf
                0x0000000000000c2e                printf
 .text.putchar  0x0000000000000c72       0x2e g:/mounriver/mounriver_studio/toolchain/risc-v embedded gcc/bin/../lib/gcc/riscv-none-embed/8.2.0/../../../../riscv-none-embed/lib/rv32imac/ilp32\libg_nano.a(lib_a-putchar.o)
                0x0000000000000c72                putchar
 .text._puts_r  0x0000000000000ca0       0xda g:/mounriver/mounriver_studio/toolchain/risc-v embedded gcc/bin/../lib/gcc/riscv-none-embed/8.2.0/../../../../riscv-none-embed/lib/rv32imac/ilp32\libg_nano.a(lib_a-puts.o)
                0x0000000000000ca0                _puts_r
 .text.puts     0x0000000000000d7a        0xe g:/mounriver/mounriver_studio/toolchain/risc-v embedded gcc/bin/../lib/gcc/riscv-none-embed/8.2.0/../../../../riscv-none-embed/lib/rv32imac/ilp32\libg_nano.a(lib_a-puts.o)
                0x0000000000000d7a                puts
 .text.__swbuf_r
                0x0000000000000d88       0xc0 g:/mounriver/mounriver_studio/toolchain/risc-v embedded gcc/bin/../lib/gcc/riscv-none-embed/8.2.0/../../../../riscv-none-embed/lib/rv32imac/ilp32\libg_nano.a(lib_a-wbuf.o)
                0x0000000000000d88                __swbuf_r
 .text.__swsetup_r
                0x0000000000000e48      0x110 g:/mounriver/mounriver_studio/toolchain/risc-v embedded gcc/bin/../lib/gcc/riscv-none-embed/8.2.0/../../../../riscv-none-embed/lib/rv32imac/ilp32\libg_nano.a(lib_a-wsetup.o)
                0x0000000000000e48                __swsetup_r
 .text.__sflush_r
                0x0000000000000f58      0x13c g:/mounriver/mounriver_studio/toolchain/risc-v embedded gcc/bin/../lib/gcc/riscv-none-embed/8.2.0/../../../../riscv-none-embed/lib/rv32imac/ilp32\libg_nano.a(lib_a-fflush.o)
                0x0000000000000f58                __sflush_r
 .text._fflush_r
                0x0000000000001094       0x64 g:/mounriver/mounriver_studio/toolchain/risc-v embedded gcc/bin/../lib/gcc/riscv-none-embed/8.2.0/../../../../riscv-none-embed/lib/rv32imac/ilp32\libg_nano.a(lib_a-fflush.o)
                0x0000000000001094                _fflush_r
 .text.std      0x00000000000010f8       0x6a g:/mounriver/mounriver_studio/toolchain/risc-v embedded gcc/bin/../lib/gcc/riscv-none-embed/8.2.0/../../../../riscv-none-embed/lib/rv32imac/ilp32\libg_nano.a(lib_a-findfp.o)
 .text._cleanup_r
                0x0000000000001162        0xa g:/mounriver/mounriver_studio/toolchain/risc-v embedded gcc/bin/../lib/gcc/riscv-none-embed/8.2.0/../../../../riscv-none-embed/lib/rv32imac/ilp32\libg_nano.a(lib_a-findfp.o)
                0x0000000000001162                _cleanup_r
 .text.__sfmoreglue
                0x000000000000116c       0x46 g:/mounriver/mounriver_studio/toolchain/risc-v embedded gcc/bin/../lib/gcc/riscv-none-embed/8.2.0/../../../../riscv-none-embed/lib/rv32imac/ilp32\libg_nano.a(lib_a-findfp.o)
                0x000000000000116c                __sfmoreglue
 .text.__sinit  0x00000000000011b2       0x6a g:/mounriver/mounriver_studio/toolchain/risc-v embedded gcc/bin/../lib/gcc/riscv-none-embed/8.2.0/../../../../riscv-none-embed/lib/rv32imac/ilp32\libg_nano.a(lib_a-findfp.o)
                0x00000000000011b2                __sinit
 .text.__sfp    0x000000000000121c       0xa0 g:/mounriver/mounriver_studio/toolchain/risc-v embedded gcc/bin/../lib/gcc/riscv-none-embed/8.2.0/../../../../riscv-none-embed/lib/rv32imac/ilp32\libg_nano.a(lib_a-findfp.o)
                0x000000000000121c                __sfp
 .text._fwalk_reent
                0x00000000000012bc       0x6c g:/mounriver/mounriver_studio/toolchain/risc-v embedded gcc/bin/../lib/gcc/riscv-none-embed/8.2.0/../../../../riscv-none-embed/lib/rv32imac/ilp32\libg_nano.a(lib_a-fwalk.o)
                0x00000000000012bc                _fwalk_reent
 .text.__swhatbuf_r
                0x0000000000001328       0x5a g:/mounriver/mounriver_studio/toolchain/risc-v embedded gcc/bin/../lib/gcc/riscv-none-embed/8.2.0/../../../../riscv-none-embed/lib/rv32imac/ilp32\libg_nano.a(lib_a-makebuf.o)
                0x0000000000001328                __swhatbuf_r
 .text.__smakebuf_r
                0x0000000000001382       0x9e g:/mounriver/mounriver_studio/toolchain/risc-v embedded gcc/bin/../lib/gcc/riscv-none-embed/8.2.0/../../../../riscv-none-embed/lib/rv32imac/ilp32\libg_nano.a(lib_a-makebuf.o)
                0x0000000000001382                __smakebuf_r
 .text._free_r  0x0000000000001420       0xb0 g:/mounriver/mounriver_studio/toolchain/risc-v embedded gcc/bin/../lib/gcc/riscv-none-embed/8.2.0/../../../../riscv-none-embed/lib/rv32imac/ilp32\libg_nano.a(lib_a-nano-freer.o)
                0x0000000000001420                _free_r
 .text._malloc_r
                0x00000000000014d0       0xd8 g:/mounriver/mounriver_studio/toolchain/risc-v embedded gcc/bin/../lib/gcc/riscv-none-embed/8.2.0/../../../../riscv-none-embed/lib/rv32imac/ilp32\libg_nano.a(lib_a-nano-mallocr.o)
                0x00000000000014d0                _malloc_r
 .text.__sfputc_r
                0x00000000000015a8       0x2a g:/mounriver/mounriver_studio/toolchain/risc-v embedded gcc/bin/../lib/gcc/riscv-none-embed/8.2.0/../../../../riscv-none-embed/lib/rv32imac/ilp32\libg_nano.a(lib_a-nano-vfprintf.o)
 .text.__sfputs_r
                0x00000000000015d2       0x42 g:/mounriver/mounriver_studio/toolchain/risc-v embedded gcc/bin/../lib/gcc/riscv-none-embed/8.2.0/../../../../riscv-none-embed/lib/rv32imac/ilp32\libg_nano.a(lib_a-nano-vfprintf.o)
                0x00000000000015d2                __sfputs_r
 .text._vfprintf_r
                0x0000000000001614      0x29a g:/mounriver/mounriver_studio/toolchain/risc-v embedded gcc/bin/../lib/gcc/riscv-none-embed/8.2.0/../../../../riscv-none-embed/lib/rv32imac/ilp32\libg_nano.a(lib_a-nano-vfprintf.o)
                0x0000000000001614                _vfprintf_r
                0x0000000000001614                _vfiprintf_r
 .text._printf_common
                0x00000000000018ae      0x10c g:/mounriver/mounriver_studio/toolchain/risc-v embedded gcc/bin/../lib/gcc/riscv-none-embed/8.2.0/../../../../riscv-none-embed/lib/rv32imac/ilp32\libg_nano.a(lib_a-nano-vfprintf_i.o)
                0x00000000000018ae                _printf_common
 .text._printf_i
                0x00000000000019ba      0x2a2 g:/mounriver/mounriver_studio/toolchain/risc-v embedded gcc/bin/../lib/gcc/riscv-none-embed/8.2.0/../../../../riscv-none-embed/lib/rv32imac/ilp32\libg_nano.a(lib_a-nano-vfprintf_i.o)
                0x00000000000019ba                _printf_i
 .text._putc_r  0x0000000000001c5c       0x86 g:/mounriver/mounriver_studio/toolchain/risc-v embedded gcc/bin/../lib/gcc/riscv-none-embed/8.2.0/../../../../riscv-none-embed/lib/rv32imac/ilp32\libg_nano.a(lib_a-putc.o)
                0x0000000000001c5c                _putc_r
 .text._sbrk_r  0x0000000000001ce2       0x28 g:/mounriver/mounriver_studio/toolchain/risc-v embedded gcc/bin/../lib/gcc/riscv-none-embed/8.2.0/../../../../riscv-none-embed/lib/rv32imac/ilp32\libg_nano.a(lib_a-sbrkr.o)
                0x0000000000001ce2                _sbrk_r
 .text.__sread  0x0000000000001d0a       0x30 g:/mounriver/mounriver_studio/toolchain/risc-v embedded gcc/bin/../lib/gcc/riscv-none-embed/8.2.0/../../../../riscv-none-embed/lib/rv32imac/ilp32\libg_nano.a(lib_a-stdio.o)
                0x0000000000001d0a                __sread
 .text.__swrite
                0x0000000000001d3a       0x4e g:/mounriver/mounriver_studio/toolchain/risc-v embedded gcc/bin/../lib/gcc/riscv-none-embed/8.2.0/../../../../riscv-none-embed/lib/rv32imac/ilp32\libg_nano.a(lib_a-stdio.o)
                0x0000000000001d3a                __swrite
 .text.__sseek  0x0000000000001d88       0x36 g:/mounriver/mounriver_studio/toolchain/risc-v embedded gcc/bin/../lib/gcc/riscv-none-embed/8.2.0/../../../../riscv-none-embed/lib/rv32imac/ilp32\libg_nano.a(lib_a-stdio.o)
                0x0000000000001d88                __sseek
 .text.__sclose
                0x0000000000001dbe        0x6 g:/mounriver/mounriver_studio/toolchain/risc-v embedded gcc/bin/../lib/gcc/riscv-none-embed/8.2.0/../../../../riscv-none-embed/lib/rv32imac/ilp32\libg_nano.a(lib_a-stdio.o)
                0x0000000000001dbe                __sclose
 .text._write_r
                0x0000000000001dc4       0x2e g:/mounriver/mounriver_studio/toolchain/risc-v embedded gcc/bin/../lib/gcc/riscv-none-embed/8.2.0/../../../../riscv-none-embed/lib/rv32imac/ilp32\libg_nano.a(lib_a-writer.o)
                0x0000000000001dc4                _write_r
 .text._close_r
                0x0000000000001df2       0x28 g:/mounriver/mounriver_studio/toolchain/risc-v embedded gcc/bin/../lib/gcc/riscv-none-embed/8.2.0/../../../../riscv-none-embed/lib/rv32imac/ilp32\libg_nano.a(lib_a-closer.o)
                0x0000000000001df2                _close_r
 .text._fstat_r
                0x0000000000001e1a       0x2a g:/mounriver/mounriver_studio/toolchain/risc-v embedded gcc/bin/../lib/gcc/riscv-none-embed/8.2.0/../../../../riscv-none-embed/lib/rv32imac/ilp32\libg_nano.a(lib_a-fstatr.o)
                0x0000000000001e1a                _fstat_r
 .text._isatty_r
                0x0000000000001e44       0x28 g:/mounriver/mounriver_studio/toolchain/risc-v embedded gcc/bin/../lib/gcc/riscv-none-embed/8.2.0/../../../../riscv-none-embed/lib/rv32imac/ilp32\libg_nano.a(lib_a-isattyr.o)
                0x0000000000001e44                _isatty_r
 .text._lseek_r
                0x0000000000001e6c       0x2c g:/mounriver/mounriver_studio/toolchain/risc-v embedded gcc/bin/../lib/gcc/riscv-none-embed/8.2.0/../../../../riscv-none-embed/lib/rv32imac/ilp32\libg_nano.a(lib_a-lseekr.o)
                0x0000000000001e6c                _lseek_r
 .text.memchr   0x0000000000001e98       0x1a g:/mounriver/mounriver_studio/toolchain/risc-v embedded gcc/bin/../lib/gcc/riscv-none-embed/8.2.0/../../../../riscv-none-embed/lib/rv32imac/ilp32\libg_nano.a(lib_a-memchr.o)
                0x0000000000001e98                memchr
 .text.__malloc_lock
                0x0000000000001eb2        0x2 g:/mounriver/mounriver_studio/toolchain/risc-v embedded gcc/bin/../lib/gcc/riscv-none-embed/8.2.0/../../../../riscv-none-embed/lib/rv32imac/ilp32\libg_nano.a(lib_a-mlock.o)
                0x0000000000001eb2                __malloc_lock
 .text.__malloc_unlock
                0x0000000000001eb4        0x2 g:/mounriver/mounriver_studio/toolchain/risc-v embedded gcc/bin/../lib/gcc/riscv-none-embed/8.2.0/../../../../riscv-none-embed/lib/rv32imac/ilp32\libg_nano.a(lib_a-mlock.o)
                0x0000000000001eb4                __malloc_unlock
 .text._read_r  0x0000000000001eb6       0x2c g:/mounriver/mounriver_studio/toolchain/risc-v embedded gcc/bin/../lib/gcc/riscv-none-embed/8.2.0/../../../../riscv-none-embed/lib/rv32imac/ilp32\libg_nano.a(lib_a-readr.o)
                0x0000000000001eb6                _read_r
 .text._close   0x0000000000001ee2        0xc g:/mounriver/mounriver_studio/toolchain/risc-v embedded gcc/bin/../lib/gcc/riscv-none-embed/8.2.0/../../../../riscv-none-embed/lib/rv32imac/ilp32\libnosys.a(close.o)
                0x0000000000001ee2                _close
 .text._fstat   0x0000000000001eee        0xc g:/mounriver/mounriver_studio/toolchain/risc-v embedded gcc/bin/../lib/gcc/riscv-none-embed/8.2.0/../../../../riscv-none-embed/lib/rv32imac/ilp32\libnosys.a(fstat.o)
                0x0000000000001eee                _fstat
 .text._isatty  0x0000000000001efa        0xc g:/mounriver/mounriver_studio/toolchain/risc-v embedded gcc/bin/../lib/gcc/riscv-none-embed/8.2.0/../../../../riscv-none-embed/lib/rv32imac/ilp32\libnosys.a(isatty.o)
                0x0000000000001efa                _isatty
 .text._lseek   0x0000000000001f06        0xc g:/mounriver/mounriver_studio/toolchain/risc-v embedded gcc/bin/../lib/gcc/riscv-none-embed/8.2.0/../../../../riscv-none-embed/lib/rv32imac/ilp32\libnosys.a(lseek.o)
                0x0000000000001f06                _lseek
 .text._read    0x0000000000001f12        0xc g:/mounriver/mounriver_studio/toolchain/risc-v embedded gcc/bin/../lib/gcc/riscv-none-embed/8.2.0/../../../../riscv-none-embed/lib/rv32imac/ilp32\libnosys.a(read.o)
                0x0000000000001f12                _read
 .text._sbrk    0x0000000000001f1e       0x20 g:/mounriver/mounriver_studio/toolchain/risc-v embedded gcc/bin/../lib/gcc/riscv-none-embed/8.2.0/../../../../riscv-none-embed/lib/rv32imac/ilp32\libnosys.a(sbrk.o)
                0x0000000000001f1e                _sbrk
 *(.rodata)
 *(.rodata*)
 *fill*         0x0000000000001f3e        0x2 
 .rodata.main.str1.4
                0x0000000000001f40       0xde ./src/Main.o
 *fill*         0x000000000000201e        0x2 
 .rodata.GPIOA_ModeCfg
                0x0000000000002020       0x14 ./StdPeriphDriver/CH57x_gpio.o
 .rodata.__sf_fake_stderr
                0x0000000000002034       0x20 g:/mounriver/mounriver_studio/toolchain/risc-v embedded gcc/bin/../lib/gcc/riscv-none-embed/8.2.0/../../../../riscv-none-embed/lib/rv32imac/ilp32\libg_nano.a(lib_a-findfp.o)
                0x0000000000002034                __sf_fake_stderr
 .rodata.__sf_fake_stdin
                0x0000000000002054       0x20 g:/mounriver/mounriver_studio/toolchain/risc-v embedded gcc/bin/../lib/gcc/riscv-none-embed/8.2.0/../../../../riscv-none-embed/lib/rv32imac/ilp32\libg_nano.a(lib_a-findfp.o)
                0x0000000000002054                __sf_fake_stdin
 .rodata.__sf_fake_stdout
                0x0000000000002074       0x20 g:/mounriver/mounriver_studio/toolchain/risc-v embedded gcc/bin/../lib/gcc/riscv-none-embed/8.2.0/../../../../riscv-none-embed/lib/rv32imac/ilp32\libg_nano.a(lib_a-findfp.o)
                0x0000000000002074                __sf_fake_stdout
 .rodata._vfprintf_r.str1.4
                0x0000000000002094       0x13 g:/mounriver/mounriver_studio/toolchain/risc-v embedded gcc/bin/../lib/gcc/riscv-none-embed/8.2.0/../../../../riscv-none-embed/lib/rv32imac/ilp32\libg_nano.a(lib_a-nano-vfprintf.o)
 *fill*         0x00000000000020a7        0x1 
 .rodata._printf_i.str1.4
                0x00000000000020a8       0x28 g:/mounriver/mounriver_studio/toolchain/risc-v embedded gcc/bin/../lib/gcc/riscv-none-embed/8.2.0/../../../../riscv-none-embed/lib/rv32imac/ilp32\libg_nano.a(lib_a-nano-vfprintf_i.o)
                                         0x25 (size before relaxing)
 *(.sdata2.*)
 .sdata2._global_impure_ptr
                0x00000000000020d0        0x4 g:/mounriver/mounriver_studio/toolchain/risc-v embedded gcc/bin/../lib/gcc/riscv-none-embed/8.2.0/../../../../riscv-none-embed/lib/rv32imac/ilp32\libg_nano.a(lib_a-impure.o)
                0x00000000000020d0                _global_impure_ptr
 *(.glue_7)
 *(.glue_7t)
 *(.gnu.linkonce.t.*)
                0x00000000000020d4                . = ALIGN (0x4)

.rela.dyn       0x00000000000020d4        0x0
 .rela.init     0x00000000000020d4        0x0 ./src/Main.o
 .rela.vector   0x00000000000020d4        0x0 ./src/Main.o
 .rela.handle_reset
                0x00000000000020d4        0x0 ./src/Main.o
 .rela.text._vfprintf_r
                0x00000000000020d4        0x0 ./src/Main.o
 .rela.text._sbrk_r
                0x00000000000020d4        0x0 ./src/Main.o
 .rela.text._write_r
                0x00000000000020d4        0x0 ./src/Main.o
 .rela.text._close_r
                0x00000000000020d4        0x0 ./src/Main.o
 .rela.text._fstat_r
                0x00000000000020d4        0x0 ./src/Main.o
 .rela.text._isatty_r
                0x00000000000020d4        0x0 ./src/Main.o
 .rela.text._lseek_r
                0x00000000000020d4        0x0 ./src/Main.o
 .rela.text._read_r
                0x00000000000020d4        0x0 ./src/Main.o
 .rela.text._close
                0x00000000000020d4        0x0 ./src/Main.o
 .rela.text._fstat
                0x00000000000020d4        0x0 ./src/Main.o
 .rela.text._isatty
                0x00000000000020d4        0x0 ./src/Main.o
 .rela.text._lseek
                0x00000000000020d4        0x0 ./src/Main.o
 .rela.text._read
                0x00000000000020d4        0x0 ./src/Main.o
 .rela.text._sbrk
                0x00000000000020d4        0x0 ./src/Main.o

.fini           0x00000000000020d4        0x0
 *(SORT_NONE(.fini))
                0x00000000000020d4                . = ALIGN (0x4)
                [!provide]                        PROVIDE (_etext = .)
                [!provide]                        PROVIDE (_eitcm = .)

.preinit_array  0x00000000000020d4        0x0
                [!provide]                        PROVIDE (__preinit_array_start = .)
 *(.preinit_array)
                [!provide]                        PROVIDE (__preinit_array_end = .)

.init_array     0x00000000000020d4        0x0
                [!provide]                        PROVIDE (__init_array_start = .)
 *(SORT_BY_INIT_PRIORITY(.init_array.*) SORT_BY_INIT_PRIORITY(.ctors.*))
 *(.init_array EXCLUDE_FILE(*crtend?.o *crtend.o *crtbegin?.o *crtbegin.o) .ctors)
                [!provide]                        PROVIDE (__init_array_end = .)

.fini_array     0x00000000000020d4        0x0
                [!provide]                        PROVIDE (__fini_array_start = .)
 *(SORT_BY_INIT_PRIORITY(.fini_array.*) SORT_BY_INIT_PRIORITY(.dtors.*))
 *(.fini_array EXCLUDE_FILE(*crtend?.o *crtend.o *crtbegin?.o *crtbegin.o) .dtors)
                [!provide]                        PROVIDE (__fini_array_end = .)

.ctors
 *crtbegin.o(.ctors)
 *crtbegin?.o(.ctors)
 *(EXCLUDE_FILE(*crtend?.o *crtend.o) .ctors)
 *(SORT_BY_NAME(.ctors.*))
 *(.ctors)

.dtors
 *crtbegin.o(.dtors)
 *crtbegin?.o(.dtors)
 *(EXCLUDE_FILE(*crtend?.o *crtend.o) .dtors)
 *(SORT_BY_NAME(.dtors.*))
 *(.dtors)

.dalign         0x0000000020003e20      0x1e0 load address 0x00000000000020d4
                0x0000000020004000                . = (ORIGIN (RAM) + MAX (0x800, SIZEOF (.highcode)))
 *fill*         0x0000000020003e20      0x1e0 

.dlalign        0x00000000000020d4        0x0
                0x00000000000020d4                . = ALIGN (0x4)
                0x00000000000020d4                PROVIDE (_data_lma = .)

.data           0x0000000020004000       0x68 load address 0x00000000000020d4
                0x0000000020004000                . = ALIGN (0x4)
                0x0000000020004000                PROVIDE (_data_vma = .)
 *(.gnu.linkonce.r.*)
 *(.data .data.*)
 .data.impure_data
                0x0000000020004000       0x60 g:/mounriver/mounriver_studio/toolchain/risc-v embedded gcc/bin/../lib/gcc/riscv-none-embed/8.2.0/../../../../riscv-none-embed/lib/rv32imac/ilp32\libg_nano.a(lib_a-impure.o)
 *(.gnu.linkonce.d.*)
                0x0000000020004060                . = ALIGN (0x8)
                0x0000000020004860                PROVIDE (__global_pointer$ = (. + 0x800))
 *(.sdata .sdata.*)
 .sdata._impure_ptr
                0x0000000020004060        0x4 g:/mounriver/mounriver_studio/toolchain/risc-v embedded gcc/bin/../lib/gcc/riscv-none-embed/8.2.0/../../../../riscv-none-embed/lib/rv32imac/ilp32\libg_nano.a(lib_a-impure.o)
                0x0000000020004060                _impure_ptr
 *(.gnu.linkonce.s.*)
                0x0000000020004068                . = ALIGN (0x8)
 *fill*         0x0000000020004064        0x4 
 *(.srodata.cst16)
 *(.srodata.cst8)
 *(.srodata.cst4)
 *(.srodata.cst2)
 *(.srodata .srodata.*)
                0x0000000020004068                . = ALIGN (0x4)
                0x0000000020004068                PROVIDE (_edata = .)

.bss            0x0000000020004068      0x410 load address 0x000000000000213c
                0x0000000020004068                . = ALIGN (0x4)
                0x0000000020004068                PROVIDE (_sbss = .)
 *(.sbss*)
 .sbss.__malloc_free_list
                0x0000000020004068        0x4 g:/mounriver/mounriver_studio/toolchain/risc-v embedded gcc/bin/../lib/gcc/riscv-none-embed/8.2.0/../../../../riscv-none-embed/lib/rv32imac/ilp32\libg_nano.a(lib_a-nano-mallocr.o)
                0x0000000020004068                __malloc_free_list
 .sbss.__malloc_sbrk_start
                0x000000002000406c        0x4 g:/mounriver/mounriver_studio/toolchain/risc-v embedded gcc/bin/../lib/gcc/riscv-none-embed/8.2.0/../../../../riscv-none-embed/lib/rv32imac/ilp32\libg_nano.a(lib_a-nano-mallocr.o)
                0x000000002000406c                __malloc_sbrk_start
 .sbss.heap_end.1518
                0x0000000020004070        0x4 g:/mounriver/mounriver_studio/toolchain/risc-v embedded gcc/bin/../lib/gcc/riscv-none-embed/8.2.0/../../../../riscv-none-embed/lib/rv32imac/ilp32\libnosys.a(sbrk.o)
 *(.gnu.linkonce.sb.*)
 *(.bss*)
 .bss.TestBuf   0x0000000020004074      0x400 ./src/Main.o
                0x0000000020004074                TestBuf
 *(.gnu.linkonce.b.*)
 *(COMMON*)
 COMMON         0x0000000020004474        0x4 g:/mounriver/mounriver_studio/toolchain/risc-v embedded gcc/bin/../lib/gcc/riscv-none-embed/8.2.0/../../../../riscv-none-embed/lib/rv32imac/ilp32\libg_nano.a(lib_a-reent.o)
                0x0000000020004474                errno
                0x0000000020004478                . = ALIGN (0x4)
                0x0000000020004478                PROVIDE (_ebss = .)
                [!provide]                        PROVIDE (_end = _ebss)
                0x0000000020004478                PROVIDE (end = .)

.stack          0x0000000020008000        0x0
                0x0000000020008000                . = ALIGN (0x4)
                0x0000000020008000                PROVIDE (_eusrstack = .)
OUTPUT(FLASH.elf elf32-littleriscv)

.debug_info     0x0000000000000000     0x4734
 .debug_info    0x0000000000000000     0x1129 ./src/Main.o
 .debug_info    0x0000000000001129      0xb6b ./StdPeriphDriver/CH57x_flash.o
 .debug_info    0x0000000000001c94      0xcdb ./StdPeriphDriver/CH57x_gpio.o
 .debug_info    0x000000000000296f     0x10f0 ./StdPeriphDriver/CH57x_sys.o
 .debug_info    0x0000000000003a5f      0xcb3 ./StdPeriphDriver/CH57x_uart1.o
 .debug_info    0x0000000000004712       0x22 ./Startup/startup_CH573.o

.debug_abbrev   0x0000000000000000      0xd25
 .debug_abbrev  0x0000000000000000      0x2a3 ./src/Main.o
 .debug_abbrev  0x00000000000002a3      0x218 ./StdPeriphDriver/CH57x_flash.o
 .debug_abbrev  0x00000000000004bb      0x268 ./StdPeriphDriver/CH57x_gpio.o
 .debug_abbrev  0x0000000000000723      0x346 ./StdPeriphDriver/CH57x_sys.o
 .debug_abbrev  0x0000000000000a69      0x2aa ./StdPeriphDriver/CH57x_uart1.o
 .debug_abbrev  0x0000000000000d13       0x12 ./Startup/startup_CH573.o

.debug_loc      0x0000000000000000      0xa02
 .debug_loc     0x0000000000000000      0x166 ./src/Main.o
 .debug_loc     0x0000000000000166       0xff ./StdPeriphDriver/CH57x_flash.o
 .debug_loc     0x0000000000000265      0x361 ./StdPeriphDriver/CH57x_gpio.o
 .debug_loc     0x00000000000005c6      0x24f ./StdPeriphDriver/CH57x_sys.o
 .debug_loc     0x0000000000000815      0x1ed ./StdPeriphDriver/CH57x_uart1.o

.debug_aranges  0x0000000000000000      0x1a0
 .debug_aranges
                0x0000000000000000       0x28 ./src/Main.o
 .debug_aranges
                0x0000000000000028       0x20 ./StdPeriphDriver/CH57x_flash.o
 .debug_aranges
                0x0000000000000048       0x48 ./StdPeriphDriver/CH57x_gpio.o
 .debug_aranges
                0x0000000000000090       0x88 ./StdPeriphDriver/CH57x_sys.o
 .debug_aranges
                0x0000000000000118       0x50 ./StdPeriphDriver/CH57x_uart1.o
 .debug_aranges
                0x0000000000000168       0x38 ./Startup/startup_CH573.o

.debug_ranges   0x0000000000000000      0x148
 .debug_ranges  0x0000000000000000       0x18 ./src/Main.o
 .debug_ranges  0x0000000000000018       0x10 ./StdPeriphDriver/CH57x_flash.o
 .debug_ranges  0x0000000000000028       0x38 ./StdPeriphDriver/CH57x_gpio.o
 .debug_ranges  0x0000000000000060       0x78 ./StdPeriphDriver/CH57x_sys.o
 .debug_ranges  0x00000000000000d8       0x40 ./StdPeriphDriver/CH57x_uart1.o
 .debug_ranges  0x0000000000000118       0x30 ./Startup/startup_CH573.o

.debug_line     0x0000000000000000     0x228e
 .debug_line    0x0000000000000000      0x658 ./src/Main.o
 .debug_line    0x0000000000000658      0x23a ./StdPeriphDriver/CH57x_flash.o
 .debug_line    0x0000000000000892      0x708 ./StdPeriphDriver/CH57x_gpio.o
 .debug_line    0x0000000000000f9a      0xb57 ./StdPeriphDriver/CH57x_sys.o
 .debug_line    0x0000000000001af1      0x53d ./StdPeriphDriver/CH57x_uart1.o
 .debug_line    0x000000000000202e      0x260 ./Startup/startup_CH573.o

.debug_str      0x0000000000000000      0xe01
 .debug_str     0x0000000000000000      0x8ed ./src/Main.o
                                        0x958 (size before relaxing)
 .debug_str     0x00000000000008ed       0x6c ./StdPeriphDriver/CH57x_flash.o
                                        0x77a (size before relaxing)
 .debug_str     0x0000000000000959      0x130 ./StdPeriphDriver/CH57x_gpio.o
                                        0x89b (size before relaxing)
 .debug_str     0x0000000000000a89      0x232 ./StdPeriphDriver/CH57x_sys.o
                                        0xae1 (size before relaxing)
 .debug_str     0x0000000000000cbb       0xfe ./StdPeriphDriver/CH57x_uart1.o
                                        0x840 (size before relaxing)
 .debug_str     0x0000000000000db9       0x48 ./Startup/startup_CH573.o
                                         0x72 (size before relaxing)

.comment        0x0000000000000000       0x33
 .comment       0x0000000000000000       0x33 ./src/Main.o
                                         0x34 (size before relaxing)
 .comment       0x0000000000000033       0x34 ./StdPeriphDriver/CH57x_flash.o
 .comment       0x0000000000000033       0x34 ./StdPeriphDriver/CH57x_gpio.o
 .comment       0x0000000000000033       0x34 ./StdPeriphDriver/CH57x_sys.o
 .comment       0x0000000000000033       0x34 ./StdPeriphDriver/CH57x_uart1.o
 .comment       0x0000000000000033       0x34 D:\share\test\CH573EVT\EVT\EXAM\SRC\StdPeriphDriver\libISP573.a(ISP573.o)

.debug_frame    0x0000000000000000      0xc5c
 .debug_frame   0x0000000000000000       0x4c ./src/Main.o
 .debug_frame   0x000000000000004c       0x20 ./StdPeriphDriver/CH57x_flash.o
 .debug_frame   0x000000000000006c       0x70 ./StdPeriphDriver/CH57x_gpio.o
 .debug_frame   0x00000000000000dc      0x114 ./StdPeriphDriver/CH57x_sys.o
 .debug_frame   0x00000000000001f0       0x9c ./StdPeriphDriver/CH57x_uart1.o
 .debug_frame   0x000000000000028c       0x54 g:/mounriver/mounriver_studio/toolchain/risc-v embedded gcc/bin/../lib/gcc/riscv-none-embed/8.2.0/../../../../riscv-none-embed/lib/rv32imac/ilp32\libg_nano.a(lib_a-printf.o)
 .debug_frame   0x00000000000002e0       0x50 g:/mounriver/mounriver_studio/toolchain/risc-v embedded gcc/bin/../lib/gcc/riscv-none-embed/8.2.0/../../../../riscv-none-embed/lib/rv32imac/ilp32\libg_nano.a(lib_a-putchar.o)
 .debug_frame   0x0000000000000330       0x54 g:/mounriver/mounriver_studio/toolchain/risc-v embedded gcc/bin/../lib/gcc/riscv-none-embed/8.2.0/../../../../riscv-none-embed/lib/rv32imac/ilp32\libg_nano.a(lib_a-puts.o)
 .debug_frame   0x0000000000000384       0x50 g:/mounriver/mounriver_studio/toolchain/risc-v embedded gcc/bin/../lib/gcc/riscv-none-embed/8.2.0/../../../../riscv-none-embed/lib/rv32imac/ilp32\libg_nano.a(lib_a-wbuf.o)
 .debug_frame   0x00000000000003d4       0x3c g:/mounriver/mounriver_studio/toolchain/risc-v embedded gcc/bin/../lib/gcc/riscv-none-embed/8.2.0/../../../../riscv-none-embed/lib/rv32imac/ilp32\libg_nano.a(lib_a-wsetup.o)
 .debug_frame   0x0000000000000410       0x7c g:/mounriver/mounriver_studio/toolchain/risc-v embedded gcc/bin/../lib/gcc/riscv-none-embed/8.2.0/../../../../riscv-none-embed/lib/rv32imac/ilp32\libg_nano.a(lib_a-fflush.o)
 .debug_frame   0x000000000000048c      0x148 g:/mounriver/mounriver_studio/toolchain/risc-v embedded gcc/bin/../lib/gcc/riscv-none-embed/8.2.0/../../../../riscv-none-embed/lib/rv32imac/ilp32\libg_nano.a(lib_a-findfp.o)
 .debug_frame   0x00000000000005d4       0x88 g:/mounriver/mounriver_studio/toolchain/risc-v embedded gcc/bin/../lib/gcc/riscv-none-embed/8.2.0/../../../../riscv-none-embed/lib/rv32imac/ilp32\libg_nano.a(lib_a-fwalk.o)
 .debug_frame   0x000000000000065c       0x64 g:/mounriver/mounriver_studio/toolchain/risc-v embedded gcc/bin/../lib/gcc/riscv-none-embed/8.2.0/../../../../riscv-none-embed/lib/rv32imac/ilp32\libg_nano.a(lib_a-makebuf.o)
 .debug_frame   0x00000000000006c0       0x40 g:/mounriver/mounriver_studio/toolchain/risc-v embedded gcc/bin/../lib/gcc/riscv-none-embed/8.2.0/../../../../riscv-none-embed/lib/rv32imac/ilp32\libg_nano.a(lib_a-nano-freer.o)
 .debug_frame   0x0000000000000700       0x40 g:/mounriver/mounriver_studio/toolchain/risc-v embedded gcc/bin/../lib/gcc/riscv-none-embed/8.2.0/../../../../riscv-none-embed/lib/rv32imac/ilp32\libg_nano.a(lib_a-nano-mallocr.o)
 .debug_frame   0x0000000000000740       0xd0 g:/mounriver/mounriver_studio/toolchain/risc-v embedded gcc/bin/../lib/gcc/riscv-none-embed/8.2.0/../../../../riscv-none-embed/lib/rv32imac/ilp32\libg_nano.a(lib_a-nano-vfprintf.o)
 .debug_frame   0x0000000000000810       0x8c g:/mounriver/mounriver_studio/toolchain/risc-v embedded gcc/bin/../lib/gcc/riscv-none-embed/8.2.0/../../../../riscv-none-embed/lib/rv32imac/ilp32\libg_nano.a(lib_a-nano-vfprintf_i.o)
 .debug_frame   0x000000000000089c       0x4c g:/mounriver/mounriver_studio/toolchain/risc-v embedded gcc/bin/../lib/gcc/riscv-none-embed/8.2.0/../../../../riscv-none-embed/lib/rv32imac/ilp32\libg_nano.a(lib_a-putc.o)
 .debug_frame   0x00000000000008e8       0x30 g:/mounriver/mounriver_studio/toolchain/risc-v embedded gcc/bin/../lib/gcc/riscv-none-embed/8.2.0/../../../../riscv-none-embed/lib/rv32imac/ilp32\libg_nano.a(lib_a-sbrkr.o)
 .debug_frame   0x0000000000000918       0xa4 g:/mounriver/mounriver_studio/toolchain/risc-v embedded gcc/bin/../lib/gcc/riscv-none-embed/8.2.0/../../../../riscv-none-embed/lib/rv32imac/ilp32\libg_nano.a(lib_a-stdio.o)
 .debug_frame   0x00000000000009bc       0x30 g:/mounriver/mounriver_studio/toolchain/risc-v embedded gcc/bin/../lib/gcc/riscv-none-embed/8.2.0/../../../../riscv-none-embed/lib/rv32imac/ilp32\libg_nano.a(lib_a-writer.o)
 .debug_frame   0x00000000000009ec       0x30 g:/mounriver/mounriver_studio/toolchain/risc-v embedded gcc/bin/../lib/gcc/riscv-none-embed/8.2.0/../../../../riscv-none-embed/lib/rv32imac/ilp32\libg_nano.a(lib_a-closer.o)
 .debug_frame   0x0000000000000a1c       0x30 g:/mounriver/mounriver_studio/toolchain/risc-v embedded gcc/bin/../lib/gcc/riscv-none-embed/8.2.0/../../../../riscv-none-embed/lib/rv32imac/ilp32\libg_nano.a(lib_a-fstatr.o)
 .debug_frame   0x0000000000000a4c       0x30 g:/mounriver/mounriver_studio/toolchain/risc-v embedded gcc/bin/../lib/gcc/riscv-none-embed/8.2.0/../../../../riscv-none-embed/lib/rv32imac/ilp32\libg_nano.a(lib_a-isattyr.o)
 .debug_frame   0x0000000000000a7c       0x30 g:/mounriver/mounriver_studio/toolchain/risc-v embedded gcc/bin/../lib/gcc/riscv-none-embed/8.2.0/../../../../riscv-none-embed/lib/rv32imac/ilp32\libg_nano.a(lib_a-lseekr.o)
 .debug_frame   0x0000000000000aac       0x20 g:/mounriver/mounriver_studio/toolchain/risc-v embedded gcc/bin/../lib/gcc/riscv-none-embed/8.2.0/../../../../riscv-none-embed/lib/rv32imac/ilp32\libg_nano.a(lib_a-memchr.o)
 .debug_frame   0x0000000000000acc       0x30 g:/mounriver/mounriver_studio/toolchain/risc-v embedded gcc/bin/../lib/gcc/riscv-none-embed/8.2.0/../../../../riscv-none-embed/lib/rv32imac/ilp32\libg_nano.a(lib_a-mlock.o)
 .debug_frame   0x0000000000000afc       0x30 g:/mounriver/mounriver_studio/toolchain/risc-v embedded gcc/bin/../lib/gcc/riscv-none-embed/8.2.0/../../../../riscv-none-embed/lib/rv32imac/ilp32\libg_nano.a(lib_a-readr.o)
 .debug_frame   0x0000000000000b2c       0x70 g:/mounriver/mounriver_studio/toolchain/risc-v embedded gcc/bin/../lib/gcc/riscv-none-embed/8.2.0/../../../../riscv-none-embed/lib/rv32imac/ilp32\libg_nano.a(lib_a-reent.o)
 .debug_frame   0x0000000000000b9c       0x20 g:/mounriver/mounriver_studio/toolchain/risc-v embedded gcc/bin/../lib/gcc/riscv-none-embed/8.2.0/../../../../riscv-none-embed/lib/rv32imac/ilp32\libnosys.a(close.o)
 .debug_frame   0x0000000000000bbc       0x20 g:/mounriver/mounriver_studio/toolchain/risc-v embedded gcc/bin/../lib/gcc/riscv-none-embed/8.2.0/../../../../riscv-none-embed/lib/rv32imac/ilp32\libnosys.a(fstat.o)
 .debug_frame   0x0000000000000bdc       0x20 g:/mounriver/mounriver_studio/toolchain/risc-v embedded gcc/bin/../lib/gcc/riscv-none-embed/8.2.0/../../../../riscv-none-embed/lib/rv32imac/ilp32\libnosys.a(isatty.o)
 .debug_frame   0x0000000000000bfc       0x20 g:/mounriver/mounriver_studio/toolchain/risc-v embedded gcc/bin/../lib/gcc/riscv-none-embed/8.2.0/../../../../riscv-none-embed/lib/rv32imac/ilp32\libnosys.a(lseek.o)
 .debug_frame   0x0000000000000c1c       0x20 g:/mounriver/mounriver_studio/toolchain/risc-v embedded gcc/bin/../lib/gcc/riscv-none-embed/8.2.0/../../../../riscv-none-embed/lib/rv32imac/ilp32\libnosys.a(read.o)
 .debug_frame   0x0000000000000c3c       0x20 g:/mounriver/mounriver_studio/toolchain/risc-v embedded gcc/bin/../lib/gcc/riscv-none-embed/8.2.0/../../../../riscv-none-embed/lib/rv32imac/ilp32\libnosys.a(sbrk.o)

.stab           0x0000000000000000       0x84
 .stab          0x0000000000000000       0x24 g:/mounriver/mounriver_studio/toolchain/risc-v embedded gcc/bin/../lib/gcc/riscv-none-embed/8.2.0/../../../../riscv-none-embed/lib/rv32imac/ilp32\libnosys.a(close.o)
 .stab          0x0000000000000024       0x18 g:/mounriver/mounriver_studio/toolchain/risc-v embedded gcc/bin/../lib/gcc/riscv-none-embed/8.2.0/../../../../riscv-none-embed/lib/rv32imac/ilp32\libnosys.a(fstat.o)
                                         0x24 (size before relaxing)
 .stab          0x000000000000003c       0x18 g:/mounriver/mounriver_studio/toolchain/risc-v embedded gcc/bin/../lib/gcc/riscv-none-embed/8.2.0/../../../../riscv-none-embed/lib/rv32imac/ilp32\libnosys.a(isatty.o)
                                         0x24 (size before relaxing)
 .stab          0x0000000000000054       0x18 g:/mounriver/mounriver_studio/toolchain/risc-v embedded gcc/bin/../lib/gcc/riscv-none-embed/8.2.0/../../../../riscv-none-embed/lib/rv32imac/ilp32\libnosys.a(lseek.o)
                                         0x24 (size before relaxing)
 .stab          0x000000000000006c       0x18 g:/mounriver/mounriver_studio/toolchain/risc-v embedded gcc/bin/../lib/gcc/riscv-none-embed/8.2.0/../../../../riscv-none-embed/lib/rv32imac/ilp32\libnosys.a(read.o)
                                         0x24 (size before relaxing)

.stabstr        0x0000000000000000      0x117
 .stabstr       0x0000000000000000      0x117 g:/mounriver/mounriver_studio/toolchain/risc-v embedded gcc/bin/../lib/gcc/riscv-none-embed/8.2.0/../../../../riscv-none-embed/lib/rv32imac/ilp32\libnosys.a(close.o)
